Archive member included to satisfy reference by file (symbol)

/usr/lib/gcc/arm-none-eabi/7.3.1/thumb/v6-m/libgcc.a(_dvmd_tls.o)
                              CMakeFiles/lcd_1602_i2c.dir/home/pi/pico/pico-sdk/src/rp2_common/pico_divider/divider.S.obj (__aeabi_idiv0)
/usr/lib/gcc/arm-none-eabi/7.3.1/../../../arm-none-eabi/lib/thumb/v6-m/libg.a(lib_a-atexit.o)
                              /usr/lib/gcc/arm-none-eabi/7.3.1/../../../arm-none-eabi/lib/thumb/v6-m/crt0.o (atexit)
/usr/lib/gcc/arm-none-eabi/7.3.1/../../../arm-none-eabi/lib/thumb/v6-m/libg.a(lib_a-calloc.o)
                              CMakeFiles/lcd_1602_i2c.dir/home/pi/pico/pico-sdk/src/rp2_common/pico_malloc/pico_malloc.c.obj (calloc)
/usr/lib/gcc/arm-none-eabi/7.3.1/../../../arm-none-eabi/lib/thumb/v6-m/libg.a(lib_a-callocr.o)
                              /usr/lib/gcc/arm-none-eabi/7.3.1/../../../arm-none-eabi/lib/thumb/v6-m/libg.a(lib_a-calloc.o) (_calloc_r)
/usr/lib/gcc/arm-none-eabi/7.3.1/../../../arm-none-eabi/lib/thumb/v6-m/libg.a(lib_a-ctype_.o)
                              CMakeFiles/lcd_1602_i2c.dir/home/pi/pico/pico-sdk/lib/tinyusb/src/tusb.c.obj (_ctype_)
/usr/lib/gcc/arm-none-eabi/7.3.1/../../../arm-none-eabi/lib/thumb/v6-m/libg.a(lib_a-fini.o)
                              /usr/lib/gcc/arm-none-eabi/7.3.1/../../../arm-none-eabi/lib/thumb/v6-m/crt0.o (__libc_fini_array)
/usr/lib/gcc/arm-none-eabi/7.3.1/../../../arm-none-eabi/lib/thumb/v6-m/libg.a(lib_a-impure.o)
                              /usr/lib/gcc/arm-none-eabi/7.3.1/../../../arm-none-eabi/lib/thumb/v6-m/libg.a(lib_a-calloc.o) (_impure_ptr)
/usr/lib/gcc/arm-none-eabi/7.3.1/../../../arm-none-eabi/lib/thumb/v6-m/libg.a(lib_a-init.o)
                              /usr/lib/gcc/arm-none-eabi/7.3.1/../../../arm-none-eabi/lib/thumb/v6-m/crt0.o (__libc_init_array)
/usr/lib/gcc/arm-none-eabi/7.3.1/../../../arm-none-eabi/lib/thumb/v6-m/libg.a(lib_a-malloc.o)
                              CMakeFiles/lcd_1602_i2c.dir/home/pi/pico/pico-sdk/src/rp2_common/pico_malloc/pico_malloc.c.obj (malloc)
/usr/lib/gcc/arm-none-eabi/7.3.1/../../../arm-none-eabi/lib/thumb/v6-m/libg.a(lib_a-mallocr.o)
                              /usr/lib/gcc/arm-none-eabi/7.3.1/../../../arm-none-eabi/lib/thumb/v6-m/libg.a(lib_a-callocr.o) (_malloc_r)
/usr/lib/gcc/arm-none-eabi/7.3.1/../../../arm-none-eabi/lib/thumb/v6-m/libg.a(lib_a-mlock.o)
                              /usr/lib/gcc/arm-none-eabi/7.3.1/../../../arm-none-eabi/lib/thumb/v6-m/libg.a(lib_a-mallocr.o) (__malloc_lock)
/usr/lib/gcc/arm-none-eabi/7.3.1/../../../arm-none-eabi/lib/thumb/v6-m/libg.a(lib_a-sbrkr.o)
                              /usr/lib/gcc/arm-none-eabi/7.3.1/../../../arm-none-eabi/lib/thumb/v6-m/libg.a(lib_a-mallocr.o) (_sbrk_r)
/usr/lib/gcc/arm-none-eabi/7.3.1/../../../arm-none-eabi/lib/thumb/v6-m/libg.a(lib_a-strlen-stub.o)
                              CMakeFiles/lcd_1602_i2c.dir/home/pi/pico/pico-sdk/src/rp2_common/pico_stdio/stdio.c.obj (strlen)
/usr/lib/gcc/arm-none-eabi/7.3.1/../../../arm-none-eabi/lib/thumb/v6-m/libg.a(lib_a-__atexit.o)
                              /usr/lib/gcc/arm-none-eabi/7.3.1/../../../arm-none-eabi/lib/thumb/v6-m/libg.a(lib_a-atexit.o) (__register_exitproc)
/usr/lib/gcc/arm-none-eabi/7.3.1/../../../arm-none-eabi/lib/thumb/v6-m/libg.a(lib_a-freer.o)
                              /usr/lib/gcc/arm-none-eabi/7.3.1/../../../arm-none-eabi/lib/thumb/v6-m/libg.a(lib_a-malloc.o) (_free_r)
/usr/lib/gcc/arm-none-eabi/7.3.1/../../../arm-none-eabi/lib/thumb/v6-m/libg.a(lib_a-reent.o)
                              /usr/lib/gcc/arm-none-eabi/7.3.1/../../../arm-none-eabi/lib/thumb/v6-m/libg.a(lib_a-sbrkr.o) (errno)

Allocating common symbols
Common symbol       size              file

sf_table            0x100             CMakeFiles/lcd_1602_i2c.dir/home/pi/pico/pico-sdk/src/rp2_common/pico_float/float_init_rom.c.obj
errno               0x4               /usr/lib/gcc/arm-none-eabi/7.3.1/../../../arm-none-eabi/lib/thumb/v6-m/libg.a(lib_a-reent.o)
_usbd_qdef_buf      0xc0              CMakeFiles/lcd_1602_i2c.dir/home/pi/pico/pico-sdk/lib/tinyusb/src/device/usbd.c.obj
sf_clz_func         0x4               CMakeFiles/lcd_1602_i2c.dir/home/pi/pico/pico-sdk/src/rp2_common/pico_float/float_init_rom.c.obj
sd_table            0x100             CMakeFiles/lcd_1602_i2c.dir/home/pi/pico/pico-sdk/src/rp2_common/pico_double/double_init_rom.c.obj
uart_char_to_line_feed
                    0x4               CMakeFiles/lcd_1602_i2c.dir/home/pi/pico/pico-sdk/src/rp2_common/hardware_uart/uart.c.obj

Discarded input sections

 .text          0x00000000        0x0 /usr/lib/gcc/arm-none-eabi/7.3.1/thumb/v6-m/crti.o
 .data          0x00000000        0x0 /usr/lib/gcc/arm-none-eabi/7.3.1/thumb/v6-m/crti.o
 .bss           0x00000000        0x0 /usr/lib/gcc/arm-none-eabi/7.3.1/thumb/v6-m/crti.o
 .data          0x00000000        0x4 /usr/lib/gcc/arm-none-eabi/7.3.1/thumb/v6-m/crtbegin.o
[...]
Memory Configuration

Name             Origin             Length             Attributes
FLASH            0x10000000         0x00200000         xr
RAM              0x20000000         0x00040000         xrw
SCRATCH_X        0x20040000         0x00001000         xrw
SCRATCH_Y        0x20041000         0x00001000         xrw
*default*        0x00000000         0xffffffff

Linker script and memory map

LOAD /usr/lib/gcc/arm-none-eabi/7.3.1/thumb/v6-m/crti.o
LOAD /usr/lib/gcc/arm-none-eabi/7.3.1/thumb/v6-m/crtbegin.o
LOAD /usr/lib/gcc/arm-none-eabi/7.3.1/../../../arm-none-eabi/lib/thumb/v6-m/crt0.o

.flash_begin    0x10000000        0x0
                0x10000000                __flash_binary_start = .

.boot2          0x10000000      0x100
                0x10000000                __boot2_start__ = .
 *(.boot2)
 .boot2         0x10000000      0x100 /tmp/ccOUeFsp.o
                0x10000100                __boot2_end__ = .
                0x00000001                ASSERT (((__boot2_end__ - __boot2_start__) == 0x100), ERROR: Pico second stage bootloader must be 256 bytes in size)

.text           0x10000100     0x6ee0
                0x10000100                __logical_binary_start = .
 *(.vectors)
 .vectors       0x10000100       0xd4 CMakeFiles/lcd_1602_i2c.dir/home/pi/pico/pico-sdk/src/rp2_common/pico_standard_link/crt0.S.obj
                0x10000100                __vectors
                0x100001c0                isr_invalid
                0x100001c2                isr_nmi
                0x100001c4                isr_hardfault
                0x100001c6                isr_svcall
                0x100001c8                isr_pendsv
                0x100001ca                isr_systick
                0x100001cc                isr_irq30
                0x100001cc                __unhandled_user_irq
                0x100001cc                isr_irq13
                0x100001cc                isr_irq27
                0x100001cc                isr_irq31
                0x100001cc                isr_irq5
                0x100001cc                isr_irq11
                0x100001cc                isr_irq23
                0x100001cc                isr_irq18
                0x100001cc                isr_irq28
                0x100001cc                isr_irq19
                0x100001cc                isr_irq0
                0x100001cc                isr_irq6
                0x100001cc                isr_irq22
                0x100001cc                isr_irq17
                0x100001cc                isr_irq14
                0x100001cc                isr_irq2
                0x100001cc                isr_irq10
                0x100001cc                isr_irq8
                0x100001cc                isr_irq24
                0x100001cc                isr_irq1
                0x100001cc                isr_irq7
                0x100001cc                isr_irq21
                0x100001cc                isr_irq20
                0x100001cc                isr_irq15
                0x100001cc                isr_irq25
                0x100001cc                isr_irq4
                0x100001cc                isr_irq16
                0x100001cc                isr_irq29
                0x100001cc                isr_irq26
                0x100001cc                isr_irq3
                0x100001cc                isr_irq12
                0x100001cc                isr_irq9
                0x100001d2                unhandled_user_irq_num_in_r0
 *(.binary_info_header)
 .binary_info_header
                0x100001d4       0x14 CMakeFiles/lcd_1602_i2c.dir/home/pi/pico/pico-sdk/src/rp2_common/pico_standard_link/crt0.S.obj
                0x100001e8                __binary_info_header_end = .
 *(.reset)
 .reset         0x100001e8       0xa8 CMakeFiles/lcd_1602_i2c.dir/home/pi/pico/pico-sdk/src/rp2_common/pico_standard_link/crt0.S.obj
                0x100001e8                _entry_point
                0x10000266                __get_current_exception
 .reset         0x10000290       0x30 CMakeFiles/lcd_1602_i2c.dir/home/pi/pico/pico-sdk/src/rp2_common/pico_standard_link/binary_info.c.obj
 *(.init)
 .init          0x100002c0        0x4 /usr/lib/gcc/arm-none-eabi/7.3.1/thumb/v6-m/crti.o
                0x100002c0                _init
 *(EXCLUDE_FILE(*libm.a: *libc.a:*lib_a-mem*.o *libgcc.a:) .text*)
 .text          0x100002c4       0x98 /usr/lib/gcc/arm-none-eabi/7.3.1/thumb/v6-m/crtbegin.o
 .text.i2c_write_byte
                0x1000035c       0x20 CMakeFiles/lcd_1602_i2c.dir/lcd_1602_i2c.c.obj
                0x1000035c                i2c_write_byte
 .text.lcd_toggle_enable
                0x1000037c       0x38 CMakeFiles/lcd_1602_i2c.dir/lcd_1602_i2c.c.obj
                0x1000037c                lcd_toggle_enable
 .text.lcd_send_byte
                0x100003b4       0x38 CMakeFiles/lcd_1602_i2c.dir/lcd_1602_i2c.c.obj
                0x100003b4                lcd_send_byte
 .text.lcd_clear
                0x100003ec        0xc CMakeFiles/lcd_1602_i2c.dir/lcd_1602_i2c.c.obj
                0x100003ec                lcd_clear
 .text.lcd_set_cursor
                0x100003f8       0x1a CMakeFiles/lcd_1602_i2c.dir/lcd_1602_i2c.c.obj
                0x100003f8                lcd_set_cursor
 .text.lcd_string
                0x10000412       0x16 CMakeFiles/lcd_1602_i2c.dir/lcd_1602_i2c.c.obj
                0x10000412                lcd_string
 .text.lcd_init
                0x10000428       0x30 CMakeFiles/lcd_1602_i2c.dir/lcd_1602_i2c.c.obj
                0x10000428                lcd_init
 .text.read_from_dht
                0x10000458      0x140 CMakeFiles/lcd_1602_i2c.dir/lcd_1602_i2c.c.obj
                0x10000458                read_from_dht
 .text.main     0x10000598       0xec CMakeFiles/lcd_1602_i2c.dir/lcd_1602_i2c.c.obj
                0x10000598                main
 .text.gpio_set_function
                0x10000684       0x30 CMakeFiles/lcd_1602_i2c.dir/home/pi/pico/pico-sdk/src/rp2_common/hardware_gpio/gpio.c.obj
                0x10000684                gpio_set_function
 .text.gpio_set_pulls
                0x100006b4       0x34 CMakeFiles/lcd_1602_i2c.dir/home/pi/pico/pico-sdk/src/rp2_common/hardware_gpio/gpio.c.obj
                0x100006b4                gpio_set_pulls
 .text.gpio_init
                0x100006e8       0x16 CMakeFiles/lcd_1602_i2c.dir/home/pi/pico/pico-sdk/src/rp2_common/hardware_gpio/gpio.c.obj
                0x100006e8                gpio_init
 *fill*         0x100006fe        0x2 
 .text.hw_claim_lock
                0x10000700       0x18 CMakeFiles/lcd_1602_i2c.dir/home/pi/pico/pico-sdk/src/rp2_common/hardware_claim/claim.c.obj
                0x10000700                hw_claim_lock
 .text.hw_claim_unlock
                0x10000718       0x14 CMakeFiles/lcd_1602_i2c.dir/home/pi/pico/pico-sdk/src/rp2_common/hardware_claim/claim.c.obj
                0x10000718                hw_claim_unlock
 .text.hw_claim_or_assert
                0x1000072c       0x36 CMakeFiles/lcd_1602_i2c.dir/home/pi/pico/pico-sdk/src/rp2_common/hardware_claim/claim.c.obj
                0x1000072c                hw_claim_or_assert
 .text.hw_claim_unused_from_range
                0x10000762       0x54 CMakeFiles/lcd_1602_i2c.dir/home/pi/pico/pico-sdk/src/rp2_common/hardware_claim/claim.c.obj
                0x10000762                hw_claim_unused_from_range
 *fill*         0x100007b6        0x2 
 .text.spin_locks_reset
                0x100007b8       0x20 CMakeFiles/lcd_1602_i2c.dir/home/pi/pico/pico-sdk/src/rp2_common/hardware_sync/sync.c.obj
                0x100007b8                spin_locks_reset
 .text.next_striped_spin_lock_num
                0x100007d8       0x1c CMakeFiles/lcd_1602_i2c.dir/home/pi/pico/pico-sdk/src/rp2_common/hardware_sync/sync.c.obj
                0x100007d8                next_striped_spin_lock_num
 .text.spin_lock_claim_unused
                0x100007f4       0x20 CMakeFiles/lcd_1602_i2c.dir/home/pi/pico/pico-sdk/src/rp2_common/hardware_sync/sync.c.obj
                0x100007f4                spin_lock_claim_unused
 .text.running_on_fpga
                0x10000814       0x14 CMakeFiles/lcd_1602_i2c.dir/home/pi/pico/pico-sdk/src/rp2_common/pico_platform/platform.c.obj
                0x10000814                running_on_fpga
 .text.sev_callback
                0x10000828        0x8 CMakeFiles/lcd_1602_i2c.dir/home/pi/pico/pico-sdk/src/common/pico_time/time.c.obj
 .text.alarm_pool_post_alloc_init
                0x10000830       0x40 CMakeFiles/lcd_1602_i2c.dir/home/pi/pico/pico-sdk/src/common/pico_time/time.c.obj
 .text.timer_pool_entry_comparator
                0x10000870       0x78 CMakeFiles/lcd_1602_i2c.dir/home/pi/pico/pico-sdk/src/common/pico_time/time.c.obj
                0x10000870                timer_pool_entry_comparator
 .text.ph_add_child_node
                0x100008e8       0xa4 CMakeFiles/lcd_1602_i2c.dir/home/pi/pico/pico-sdk/src/common/pico_time/time.c.obj
 .text.ph_merge_nodes
                0x1000098c       0x3a CMakeFiles/lcd_1602_i2c.dir/home/pi/pico/pico-sdk/src/common/pico_time/time.c.obj
 *fill*         0x100009c6        0x2 
 .text.add_alarm_under_lock
                0x100009c8      0x180 CMakeFiles/lcd_1602_i2c.dir/home/pi/pico/pico-sdk/src/common/pico_time/time.c.obj
 .text.alarm_pool_alarm_callback
                0x10000b48      0x314 CMakeFiles/lcd_1602_i2c.dir/home/pi/pico/pico-sdk/src/common/pico_time/time.c.obj
 .text.alarm_pool_init_default
                0x10000e5c       0x2c CMakeFiles/lcd_1602_i2c.dir/home/pi/pico/pico-sdk/src/common/pico_time/time.c.obj
                0x10000e5c                alarm_pool_init_default
 .text.alarm_pool_get_default
                0x10000e88       0x2c CMakeFiles/lcd_1602_i2c.dir/home/pi/pico/pico-sdk/src/common/pico_time/time.c.obj
                0x10000e88                alarm_pool_get_default
 .text.alarm_pool_add_alarm_at
                0x10000eb4      0x130 CMakeFiles/lcd_1602_i2c.dir/home/pi/pico/pico-sdk/src/common/pico_time/time.c.obj
                0x10000eb4                alarm_pool_add_alarm_at
 .text.alarm_pool_cancel_alarm
                0x10000fe4       0xec CMakeFiles/lcd_1602_i2c.dir/home/pi/pico/pico-sdk/src/common/pico_time/time.c.obj
                0x10000fe4                alarm_pool_cancel_alarm
 .text.sleep_until
                0x100010d0       0xa4 CMakeFiles/lcd_1602_i2c.dir/home/pi/pico/pico-sdk/src/common/pico_time/time.c.obj
                0x100010d0                sleep_until
 .text.sleep_us
                0x10001174       0x30 CMakeFiles/lcd_1602_i2c.dir/home/pi/pico/pico-sdk/src/common/pico_time/time.c.obj
                0x10001174                sleep_us
 .text.sleep_ms
                0x100011a4       0x14 CMakeFiles/lcd_1602_i2c.dir/home/pi/pico/pico-sdk/src/common/pico_time/time.c.obj
                0x100011a4                sleep_ms
 .text.best_effort_wfe_or_timeout
                0x100011b8       0x80 CMakeFiles/lcd_1602_i2c.dir/home/pi/pico/pico-sdk/src/common/pico_time/time.c.obj
                0x100011b8                best_effort_wfe_or_timeout
 .text.hardware_alarm_irq_handler
                0x10001238       0x8c CMakeFiles/lcd_1602_i2c.dir/home/pi/pico/pico-sdk/src/rp2_common/hardware_timer/timer.c.obj
 .text.hardware_alarm_claim
                0x100012c4       0x18 CMakeFiles/lcd_1602_i2c.dir/home/pi/pico/pico-sdk/src/rp2_common/hardware_timer/timer.c.obj
                0x100012c4                hardware_alarm_claim
 .text.time_us_64
                0x100012dc       0x18 CMakeFiles/lcd_1602_i2c.dir/home/pi/pico/pico-sdk/src/rp2_common/hardware_timer/timer.c.obj
                0x100012dc                time_us_64
 .text.busy_wait_until
                0x100012f4       0x28 CMakeFiles/lcd_1602_i2c.dir/home/pi/pico/pico-sdk/src/rp2_common/hardware_timer/timer.c.obj
                0x100012f4                busy_wait_until
 .text.hardware_alarm_set_callback
                0x1000131c       0x90 CMakeFiles/lcd_1602_i2c.dir/home/pi/pico/pico-sdk/src/rp2_common/hardware_timer/timer.c.obj
                0x1000131c                hardware_alarm_set_callback
 .text.hardware_alarm_set_target
                0x100013ac       0xcc CMakeFiles/lcd_1602_i2c.dir/home/pi/pico/pico-sdk/src/rp2_common/hardware_timer/timer.c.obj
                0x100013ac                hardware_alarm_set_target
 .text.hardware_alarm_cancel
                0x10001478       0x40 CMakeFiles/lcd_1602_i2c.dir/home/pi/pico/pico-sdk/src/rp2_common/hardware_timer/timer.c.obj
                0x10001478                hardware_alarm_cancel
 .text.lock_init
                0x100014b8       0x10 CMakeFiles/lcd_1602_i2c.dir/home/pi/pico/pico-sdk/src/common/pico_sync/lock_core.c.obj
                0x100014b8                lock_init
 .text.mutex_init
                0x100014c8       0x1a CMakeFiles/lcd_1602_i2c.dir/home/pi/pico/pico-sdk/src/common/pico_sync/mutex.c.obj
                0x100014c8                mutex_init
 .text.critical_section_init_with_lock_num
                0x100014e2        0xc CMakeFiles/lcd_1602_i2c.dir/home/pi/pico/pico-sdk/src/common/pico_sync/critical_section.c.obj
                0x100014e2                critical_section_init_with_lock_num
 .text.critical_section_init
                0x100014ee       0x14 CMakeFiles/lcd_1602_i2c.dir/home/pi/pico/pico-sdk/src/common/pico_sync/critical_section.c.obj
                0x100014ee                critical_section_init
 *fill*         0x10001502        0x2 
 .text.ph_add_child_node
                0x10001504       0xa4 CMakeFiles/lcd_1602_i2c.dir/home/pi/pico/pico-sdk/src/common/pico_util/pheap.c.obj
 .text.ph_merge_nodes
                0x100015a8       0x3a CMakeFiles/lcd_1602_i2c.dir/home/pi/pico/pico-sdk/src/common/pico_util/pheap.c.obj
 *fill*         0x100015e2        0x2 
 .text.ph_clear
                0x100015e4       0x70 CMakeFiles/lcd_1602_i2c.dir/home/pi/pico/pico-sdk/src/common/pico_util/pheap.c.obj
                0x100015e4                ph_clear
 .text.ph_post_alloc_init
                0x10001654        0xe CMakeFiles/lcd_1602_i2c.dir/home/pi/pico/pico-sdk/src/common/pico_util/pheap.c.obj
                0x10001654                ph_post_alloc_init
 *fill*         0x10001662        0x2 
 .text.ph_merge_two_pass
                0x10001664       0xac CMakeFiles/lcd_1602_i2c.dir/home/pi/pico/pico-sdk/src/common/pico_util/pheap.c.obj
                0x10001664                ph_merge_two_pass
 .text.ph_remove_any_head
                0x10001710      0x108 CMakeFiles/lcd_1602_i2c.dir/home/pi/pico/pico-sdk/src/common/pico_util/pheap.c.obj
 .text.ph_remove_head
                0x10001818       0x14 CMakeFiles/lcd_1602_i2c.dir/home/pi/pico/pico-sdk/src/common/pico_util/pheap.c.obj
                0x10001818                ph_remove_head
 .text.ph_remove_and_free_node
                0x1000182c       0xf8 CMakeFiles/lcd_1602_i2c.dir/home/pi/pico/pico-sdk/src/common/pico_util/pheap.c.obj
                0x1000182c                ph_remove_and_free_node
 .text.runtime_init
                0x10001924       0xcc CMakeFiles/lcd_1602_i2c.dir/home/pi/pico/pico-sdk/src/rp2_common/pico_runtime/runtime.c.obj
                0x10001924                runtime_init
 .text._exit    0x100019f0        0x4 CMakeFiles/lcd_1602_i2c.dir/home/pi/pico/pico-sdk/src/rp2_common/pico_runtime/runtime.c.obj
                0x100019f0                _exit
 .text.exit     0x100019f4        0x6 CMakeFiles/lcd_1602_i2c.dir/home/pi/pico/pico-sdk/src/rp2_common/pico_runtime/runtime.c.obj
                0x100019f4                exit
 *fill*         0x100019fa        0x2 
 .text.__assert_func
                0x100019fc       0x3c CMakeFiles/lcd_1602_i2c.dir/home/pi/pico/pico-sdk/src/rp2_common/pico_runtime/runtime.c.obj
                0x100019fc                __assert_func
 .text.panic    0x10001a38       0x30 CMakeFiles/lcd_1602_i2c.dir/home/pi/pico/pico-sdk/src/rp2_common/pico_runtime/runtime.c.obj
                0x10001a38                panic
 .text.clock_configure
                0x10001a68       0xec CMakeFiles/lcd_1602_i2c.dir/home/pi/pico/pico-sdk/src/rp2_common/hardware_clocks/clocks.c.obj
                0x10001a68                clock_configure
 .text.clocks_init
                0x10001b54      0x124 CMakeFiles/lcd_1602_i2c.dir/home/pi/pico/pico-sdk/src/rp2_common/hardware_clocks/clocks.c.obj
                0x10001b54                clocks_init
 .text.clock_get_hz
                0x10001c78        0xc CMakeFiles/lcd_1602_i2c.dir/home/pi/pico/pico-sdk/src/rp2_common/hardware_clocks/clocks.c.obj
                0x10001c78                clock_get_hz
 .text.watchdog_start_tick
                0x10001c84       0x10 CMakeFiles/lcd_1602_i2c.dir/home/pi/pico/pico-sdk/src/rp2_common/hardware_watchdog/watchdog.c.obj
                0x10001c84                watchdog_start_tick
 .text.watchdog_update
                0x10001c94       0x14 CMakeFiles/lcd_1602_i2c.dir/home/pi/pico/pico-sdk/src/rp2_common/hardware_watchdog/watchdog.c.obj
                0x10001c94                watchdog_update
 .text._watchdog_enable
                0x10001ca8       0x6c CMakeFiles/lcd_1602_i2c.dir/home/pi/pico/pico-sdk/src/rp2_common/hardware_watchdog/watchdog.c.obj
                0x10001ca8                _watchdog_enable
 .text.watchdog_reboot
                0x10001d14       0x44 CMakeFiles/lcd_1602_i2c.dir/home/pi/pico/pico-sdk/src/rp2_common/hardware_watchdog/watchdog.c.obj
                0x10001d14                watchdog_reboot
 .text.xosc_init
                0x10001d58       0x28 CMakeFiles/lcd_1602_i2c.dir/home/pi/pico/pico-sdk/src/rp2_common/hardware_xosc/xosc.c.obj
                0x10001d58                xosc_init
 .text.pll_init
                0x10001d80       0xcc CMakeFiles/lcd_1602_i2c.dir/home/pi/pico/pico-sdk/src/rp2_common/hardware_pll/pll.c.obj
                0x10001d80                pll_init
 .text.set_raw_irq_handler_and_unlock
                0x10001e4c       0x28 CMakeFiles/lcd_1602_i2c.dir/home/pi/pico/pico-sdk/src/rp2_common/hardware_irq/irq.c.obj
 .text.make_branch
                0x10001e74       0x34 CMakeFiles/lcd_1602_i2c.dir/home/pi/pico/pico-sdk/src/rp2_common/hardware_irq/irq.c.obj
 .text.insert_branch_and_link
                0x10001ea8       0x40 CMakeFiles/lcd_1602_i2c.dir/home/pi/pico/pico-sdk/src/rp2_common/hardware_irq/irq.c.obj
 .text.irq_is_enabled
                0x10001ee8       0x18 CMakeFiles/lcd_1602_i2c.dir/home/pi/pico/pico-sdk/src/rp2_common/hardware_irq/irq.c.obj
                0x10001ee8                irq_is_enabled
 .text.irq_set_mask_enabled
                0x10001f00       0x20 CMakeFiles/lcd_1602_i2c.dir/home/pi/pico/pico-sdk/src/rp2_common/hardware_irq/irq.c.obj
                0x10001f00                irq_set_mask_enabled
 .text.irq_set_enabled
                0x10001f20        0xe CMakeFiles/lcd_1602_i2c.dir/home/pi/pico/pico-sdk/src/rp2_common/hardware_irq/irq.c.obj
                0x10001f20                irq_set_enabled
 *fill*         0x10001f2e        0x2 
 .text.irq_set_pending
                0x10001f30       0x10 CMakeFiles/lcd_1602_i2c.dir/home/pi/pico/pico-sdk/src/rp2_common/hardware_irq/irq.c.obj
                0x10001f30                irq_set_pending
 .text.irq_get_vtable_handler
                0x10001f40       0x10 CMakeFiles/lcd_1602_i2c.dir/home/pi/pico/pico-sdk/src/rp2_common/hardware_irq/irq.c.obj
                0x10001f40                irq_get_vtable_handler
 .text.irq_set_exclusive_handler
                0x10001f50       0x54 CMakeFiles/lcd_1602_i2c.dir/home/pi/pico/pico-sdk/src/rp2_common/hardware_irq/irq.c.obj
                0x10001f50                irq_set_exclusive_handler
 .text.irq_remove_handler
                0x10001fa4      0x1b4 CMakeFiles/lcd_1602_i2c.dir/home/pi/pico/pico-sdk/src/rp2_common/hardware_irq/irq.c.obj
                0x10001fa4                irq_remove_handler
 .text.irq_set_priority
                0x10002158       0x28 CMakeFiles/lcd_1602_i2c.dir/home/pi/pico/pico-sdk/src/rp2_common/hardware_irq/irq.c.obj
                0x10002158                irq_set_priority
 .text.irq_add_tail_to_free_list
                0x10002180       0xf0 CMakeFiles/lcd_1602_i2c.dir/home/pi/pico/pico-sdk/src/rp2_common/hardware_irq/irq.c.obj
                0x10002180                irq_add_tail_to_free_list
 .text.irq_init_priorities
                0x10002270       0x16 CMakeFiles/lcd_1602_i2c.dir/home/pi/pico/pico-sdk/src/rp2_common/hardware_irq/irq.c.obj
                0x10002270                irq_init_priorities
 .text._out_buffer
                0x10002286        0x8 CMakeFiles/lcd_1602_i2c.dir/home/pi/pico/pico-sdk/src/rp2_common/pico_printf/printf.c.obj
 .text._out_null
                0x1000228e        0x2 CMakeFiles/lcd_1602_i2c.dir/home/pi/pico/pico-sdk/src/rp2_common/pico_printf/printf.c.obj
 .text._out_fct
                0x10002290        0xe CMakeFiles/lcd_1602_i2c.dir/home/pi/pico/pico-sdk/src/rp2_common/pico_printf/printf.c.obj
 .text._atoi    0x1000229e       0x24 CMakeFiles/lcd_1602_i2c.dir/home/pi/pico/pico-sdk/src/rp2_common/pico_printf/printf.c.obj
 .text._out_rev
                0x100022c2       0x8c CMakeFiles/lcd_1602_i2c.dir/home/pi/pico/pico-sdk/src/rp2_common/pico_printf/printf.c.obj
 .text._ntoa_format
                0x1000234e      0x112 CMakeFiles/lcd_1602_i2c.dir/home/pi/pico/pico-sdk/src/rp2_common/pico_printf/printf.c.obj
 .text._ntoa_long
                0x10002460       0x9e CMakeFiles/lcd_1602_i2c.dir/home/pi/pico/pico-sdk/src/rp2_common/pico_printf/printf.c.obj
 .text._ntoa_long_long
                0x100024fe       0xe2 CMakeFiles/lcd_1602_i2c.dir/home/pi/pico/pico-sdk/src/rp2_common/pico_printf/printf.c.obj
 .text._etoa    0x100025e0      0x424 CMakeFiles/lcd_1602_i2c.dir/home/pi/pico/pico-sdk/src/rp2_common/pico_printf/printf.c.obj
 .text._ftoa    0x10002a04      0x340 CMakeFiles/lcd_1602_i2c.dir/home/pi/pico/pico-sdk/src/rp2_common/pico_printf/printf.c.obj
 .text._vsnprintf
                0x10002d44      0x640 CMakeFiles/lcd_1602_i2c.dir/home/pi/pico/pico-sdk/src/rp2_common/pico_printf/printf.c.obj
 .text.__wrap_sprintf
                0x10003384       0x28 CMakeFiles/lcd_1602_i2c.dir/home/pi/pico/pico-sdk/src/rp2_common/pico_printf/printf.c.obj
                0x10003384                __wrap_sprintf
 .text.vfctprintf
                0x100033ac       0x20 CMakeFiles/lcd_1602_i2c.dir/home/pi/pico/pico-sdk/src/rp2_common/pico_printf/printf.c.obj
                0x100033ac                vfctprintf
 .text          0x100033cc       0x10 CMakeFiles/lcd_1602_i2c.dir/home/pi/pico/pico-sdk/src/rp2_common/pico_bit_ops/bit_ops_aeabi.S.obj
 .text.rom_func_lookup
                0x100033dc       0x10 CMakeFiles/lcd_1602_i2c.dir/home/pi/pico/pico-sdk/src/rp2_common/pico_bootrom/bootrom.c.obj
                0x100033dc                rom_func_lookup
 .text.rom_data_lookup
                0x100033ec       0x10 CMakeFiles/lcd_1602_i2c.dir/home/pi/pico/pico-sdk/src/rp2_common/pico_bootrom/bootrom.c.obj
                0x100033ec                rom_data_lookup
 .text.rom_funcs_lookup
                0x100033fc       0x36 CMakeFiles/lcd_1602_i2c.dir/home/pi/pico/pico-sdk/src/rp2_common/pico_bootrom/bootrom.c.obj
                0x100033fc                rom_funcs_lookup
 *fill*         0x10003432        0x2 
 .text.__wrap___aeabi_idiv
                0x10003434       0x58 CMakeFiles/lcd_1602_i2c.dir/home/pi/pico/pico-sdk/src/rp2_common/pico_divider/divider.S.obj
                0x10003434                __wrap___aeabi_idivmod
                0x10003434                divmod_s32s32
                0x10003434                div_s32s32
                0x10003434                __wrap___aeabi_idiv
                0x1000343c                divmod_s32s32_unsafe
                0x10003468                divmod_s32s32_savestate
 .text.__wrap___aeabi_uidiv
                0x1000348c       0x54 CMakeFiles/lcd_1602_i2c.dir/home/pi/pico/pico-sdk/src/rp2_common/pico_divider/divider.S.obj
                0x1000348c                __wrap___aeabi_uidiv
                0x1000348c                __wrap___aeabi_uidivmod
                0x1000348c                div_u32u32
                0x1000348c                divmod_u32u32
                0x10003494                divmod_u32u32_unsafe
                0x100034bc                divmod_u32u32_savestate
 .text.__wrap___aeabi_ldiv
                0x100034e0      0x430 CMakeFiles/lcd_1602_i2c.dir/home/pi/pico/pico-sdk/src/rp2_common/pico_divider/divider.S.obj
                0x100034e0                div_s64s64
                0x100034e0                divmod_s64s64
                0x100034e0                __wrap___aeabi_ldivmod
                0x10003518                div_u64u64
                0x10003518                divmod_u64u64
                0x10003518                __wrap___aeabi_uldivmod
                0x10003528                divmod_u64u64_savestate
                0x10003550                divmod_s64s64_unsafe
                0x100035d8                divmod_u64u64_unsafe
 .text.__wrap___aeabi_darithmetic
                0x10003910       0x54 CMakeFiles/lcd_1602_i2c.dir/home/pi/pico/pico-sdk/src/rp2_common/pico_double/double_aeabi.S.obj
                0x10003910                __wrap___aeabi_drsub
                0x10003916                __wrap___aeabi_dsub
                0x10003928                __wrap___aeabi_dadd
                0x1000393a                __wrap___aeabi_ddiv
                0x1000394c                __wrap___aeabi_dmul
 .text.__wrap___aeabi_cdcmple
                0x10003964       0x6c CMakeFiles/lcd_1602_i2c.dir/home/pi/pico/pico-sdk/src/rp2_common/pico_double/double_aeabi.S.obj
                0x10003964                __wrap___aeabi_cdrcmple
                0x10003974                __wrap___aeabi_cdcmple
                0x10003974                __wrap___aeabi_cdcmpeq
 .text.__wrap___aeabi_dcmplt
                0x100039d0        0xc CMakeFiles/lcd_1602_i2c.dir/home/pi/pico/pico-sdk/src/rp2_common/pico_double/double_aeabi.S.obj
                0x100039d0                __wrap___aeabi_dcmplt
 .text.__wrap___aeabi_dcmple
                0x100039dc       0x10 CMakeFiles/lcd_1602_i2c.dir/home/pi/pico/pico-sdk/src/rp2_common/pico_double/double_aeabi.S.obj
                0x100039dc                __wrap___aeabi_dcmple
 .text.__wrap___aeabi_dcmpge
                0x100039ec       0x10 CMakeFiles/lcd_1602_i2c.dir/home/pi/pico/pico-sdk/src/rp2_common/pico_double/double_aeabi.S.obj
                0x100039ec                __wrap___aeabi_dcmpge
 .text.__wrap___aeabi_dcmpgt
                0x100039fc        0xa CMakeFiles/lcd_1602_i2c.dir/home/pi/pico/pico-sdk/src/rp2_common/pico_double/double_aeabi.S.obj
                0x100039fc                __wrap___aeabi_dcmpgt
 .text.__wrap___aeabi_dcmpun
                0x10003a06       0x1c CMakeFiles/lcd_1602_i2c.dir/home/pi/pico/pico-sdk/src/rp2_common/pico_double/double_aeabi.S.obj
                0x10003a06                __wrap___aeabi_dcmpun
 *fill*         0x10003a22        0x2 
 .text.__wrap___aeabi_i2d
                0x10003a24       0x38 CMakeFiles/lcd_1602_i2c.dir/home/pi/pico/pico-sdk/src/rp2_common/pico_double/double_aeabi.S.obj
                0x10003a24                __wrap___aeabi_ui2d
                0x10003a2c                __wrap___aeabi_i2d
 .text.__wrap___aeabi_d2iz
                0x10003a5c       0x48 CMakeFiles/lcd_1602_i2c.dir/home/pi/pico/pico-sdk/src/rp2_common/pico_double/double_aeabi.S.obj
                0x10003a5c                __wrap___aeabi_d2iz
                0x10003a5c                double2int_z
 .text.__wrap___aeabi_d2uiz
                0x10003aa4       0x18 CMakeFiles/lcd_1602_i2c.dir/home/pi/pico/pico-sdk/src/rp2_common/pico_double/double_aeabi.S.obj
                0x10003aa4                double2uint
                0x10003aa4                __wrap___aeabi_d2uiz
 .text.__aeabi_double_init
                0x10003abc       0xb8 CMakeFiles/lcd_1602_i2c.dir/home/pi/pico/pico-sdk/src/rp2_common/pico_double/double_init_rom.c.obj
                0x10003abc                __aeabi_double_init
 .text.double_table_shim_on_use_helper
                0x10003b74       0x34 CMakeFiles/lcd_1602_i2c.dir/home/pi/pico/pico-sdk/src/rp2_common/pico_double/double_v1_rom_shim.S.obj
                0x10003b74                double_table_shim_on_use_helper
 .text.__wrap___aeabi_dsub
                0x10003ba8       0x10 CMakeFiles/lcd_1602_i2c.dir/home/pi/pico/pico-sdk/src/rp2_common/pico_double/double_v1_rom_shim.S.obj
                0x10003ba8                drsub_shim
                0x10003bae                dsub_shim
 .text.dadd_shim
                0x10003bb8      0x15c CMakeFiles/lcd_1602_i2c.dir/home/pi/pico/pico-sdk/src/rp2_common/pico_double/double_v1_rom_shim.S.obj
                0x10003bb8                dadd_shim
 .text.dmul_shim
                0x10003d14      0x15c CMakeFiles/lcd_1602_i2c.dir/home/pi/pico/pico-sdk/src/rp2_common/pico_double/double_v1_rom_shim.S.obj
                0x10003d14                dmul_shim
 .text.ddiv_shim
                0x10003e70      0x1b0 CMakeFiles/lcd_1602_i2c.dir/home/pi/pico/pico-sdk/src/rp2_common/pico_double/double_v1_rom_shim.S.obj
                0x10003e70                ddiv_shim
 .text.dcordic_rot_step
                0x10004020       0x7c CMakeFiles/lcd_1602_i2c.dir/home/pi/pico/pico-sdk/src/rp2_common/pico_double/double_v1_rom_shim.S.obj
                0x10004020                dcordic_rot_step
 .text.double2uint_shim
                0x1000409c        0xe CMakeFiles/lcd_1602_i2c.dir/home/pi/pico/pico-sdk/src/rp2_common/pico_double/double_v1_rom_shim.S.obj
                0x1000409c                double2uint_shim
                0x1000409e                double2ufix_shim
 *fill*         0x100040aa        0x2 
 .text.double2uint64_shim
                0x100040ac       0x6c CMakeFiles/lcd_1602_i2c.dir/home/pi/pico/pico-sdk/src/rp2_common/pico_double/double_v1_rom_shim.S.obj
                0x100040ac                double2uint64_shim
                0x100040ae                double2ufix64_shim
                0x100040c8                d2fix_a
 .text.dunpacks
                0x10004118       0x3c CMakeFiles/lcd_1602_i2c.dir/home/pi/pico/pico-sdk/src/rp2_common/pico_double/double_v1_rom_shim.S.obj
                0x10004118                dunpacks
 .text.__aeabi_lmul
                0x10004154       0x32 CMakeFiles/lcd_1602_i2c.dir/home/pi/pico/pico-sdk/src/rp2_common/pico_int64_ops/pico_int64_ops_aeabi.S.obj
                0x10004154                __wrap___aeabi_lmul
 *fill*         0x10004186        0x2 
 .text.__wrap___aeabi_farithmetic
                0x10004188       0x34 CMakeFiles/lcd_1602_i2c.dir/home/pi/pico/pico-sdk/src/rp2_common/pico_float/float_aeabi.S.obj
                0x10004188                __wrap___aeabi_frsub
                0x1000418e                __wrap___aeabi_fsub
                0x10004198                __wrap___aeabi_fadd
                0x100041a2                __wrap___aeabi_fdiv
                0x100041ac                __wrap___aeabi_fmul
 .text.__wrap___aeabi_cfcmple
                0x100041bc       0x50 CMakeFiles/lcd_1602_i2c.dir/home/pi/pico/pico-sdk/src/rp2_common/pico_float/float_aeabi.S.obj
                0x100041bc                __wrap___aeabi_cfrcmple
                0x100041c8                __wrap___aeabi_cfcmpeq
                0x100041c8                __wrap___aeabi_cfcmple
 .text.__wrap___aeabi_fcmpgt
                0x1000420c        0xa CMakeFiles/lcd_1602_i2c.dir/home/pi/pico/pico-sdk/src/rp2_common/pico_float/float_aeabi.S.obj
                0x1000420c                __wrap___aeabi_fcmpgt
 *fill*         0x10004216        0x2 
 .text.__wrap___aeabi_i2f
                0x10004218       0x44 CMakeFiles/lcd_1602_i2c.dir/home/pi/pico/pico-sdk/src/rp2_common/pico_float/float_aeabi.S.obj
                0x10004218                __wrap___aeabi_i2f
 .text.__wrap___aeabi_f2d
                0x1000425c       0x14 CMakeFiles/lcd_1602_i2c.dir/home/pi/pico/pico-sdk/src/rp2_common/pico_float/float_aeabi.S.obj
                0x1000425c                __wrap___aeabi_f2d
 .text.__aeabi_float_init
                0x10004270       0xfc CMakeFiles/lcd_1602_i2c.dir/home/pi/pico/pico-sdk/src/rp2_common/pico_float/float_init_rom.c.obj
                0x10004270                __aeabi_float_init
 .text.float_table_shim_on_use_helper
                0x1000436c       0x34 CMakeFiles/lcd_1602_i2c.dir/home/pi/pico/pico-sdk/src/rp2_common/pico_float/float_v1_rom_shim.S.obj
                0x1000436c                float_table_shim_on_use_helper
 .text.float2double_shim
                0x100043a0       0x30 CMakeFiles/lcd_1602_i2c.dir/home/pi/pico/pico-sdk/src/rp2_common/pico_float/float_v1_rom_shim.S.obj
                0x100043a0                float2double_shim
 .text          0x100043d0       0x10 CMakeFiles/lcd_1602_i2c.dir/home/pi/pico/pico-sdk/src/rp2_common/pico_mem_ops/mem_ops_aeabi.S.obj
                0x100043d0                __aeabi_mem_init
 .text.memset   0x100043e0        0xc CMakeFiles/lcd_1602_i2c.dir/home/pi/pico/pico-sdk/src/rp2_common/pico_mem_ops/mem_ops_aeabi.S.obj
                0x100043e0                __wrap_memset
 .text.memcpy   0x100043ec        0xc CMakeFiles/lcd_1602_i2c.dir/home/pi/pico/pico-sdk/src/rp2_common/pico_mem_ops/mem_ops_aeabi.S.obj
                0x100043ec                __wrap___aeabi_memcpy
                0x100043ec                __wrap_memcpy
 .text.stdio_out_chars_crlf
                0x100043f8       0x80 CMakeFiles/lcd_1602_i2c.dir/home/pi/pico/pico-sdk/src/rp2_common/pico_stdio/stdio.c.obj
 .text.stdio_stack_buffer_flush
                0x10004478       0x44 CMakeFiles/lcd_1602_i2c.dir/home/pi/pico/pico-sdk/src/rp2_common/pico_stdio/stdio.c.obj
 .text.stdio_buffered_printer
                0x100044bc       0x20 CMakeFiles/lcd_1602_i2c.dir/home/pi/pico/pico-sdk/src/rp2_common/pico_stdio/stdio.c.obj
 .text.stdout_serialize_begin
                0x100044dc       0x2c CMakeFiles/lcd_1602_i2c.dir/home/pi/pico/pico-sdk/src/rp2_common/pico_stdio/stdio.c.obj
                0x100044dc                stdout_serialize_begin
 .text.stdout_serialize_end
                0x10004508       0x10 CMakeFiles/lcd_1602_i2c.dir/home/pi/pico/pico-sdk/src/rp2_common/pico_stdio/stdio.c.obj
                0x10004508                stdout_serialize_end
 .text.stdio_put_string
                0x10004518       0x78 CMakeFiles/lcd_1602_i2c.dir/home/pi/pico/pico-sdk/src/rp2_common/pico_stdio/stdio.c.obj
 .text.stdio_set_driver_enabled
                0x10004590       0x38 CMakeFiles/lcd_1602_i2c.dir/home/pi/pico/pico-sdk/src/rp2_common/pico_stdio/stdio.c.obj
                0x10004590                stdio_set_driver_enabled
 .text.stdio_flush
                0x100045c8       0x20 CMakeFiles/lcd_1602_i2c.dir/home/pi/pico/pico-sdk/src/rp2_common/pico_stdio/stdio.c.obj
                0x100045c8                stdio_flush
 .text.__wrap_puts
                0x100045e8       0x1c CMakeFiles/lcd_1602_i2c.dir/home/pi/pico/pico-sdk/src/rp2_common/pico_stdio/stdio.c.obj
                0x100045e8                __wrap_puts
 .text.__wrap_vprintf
                0x10004604       0x44 CMakeFiles/lcd_1602_i2c.dir/home/pi/pico/pico-sdk/src/rp2_common/pico_stdio/stdio.c.obj
                0x10004604                __wrap_vprintf
 .text.__wrap_printf
                0x10004648       0x18 CMakeFiles/lcd_1602_i2c.dir/home/pi/pico/pico-sdk/src/rp2_common/pico_stdio/stdio.c.obj
                0x10004648                __wrap_printf
 .text.stdio_init_all
                0x10004660        0x8 CMakeFiles/lcd_1602_i2c.dir/home/pi/pico/pico-sdk/src/rp2_common/pico_stdio/stdio.c.obj
                0x10004660                stdio_init_all
 .text.resetd_init
                0x10004668        0x2 CMakeFiles/lcd_1602_i2c.dir/home/pi/pico/pico-sdk/src/rp2_common/pico_stdio_usb/reset_interface.c.obj
 *fill*         0x1000466a        0x2 
 .text.resetd_reset
                0x1000466c        0xc CMakeFiles/lcd_1602_i2c.dir/home/pi/pico/pico-sdk/src/rp2_common/pico_stdio_usb/reset_interface.c.obj
 .text.resetd_open
                0x10004678       0x34 CMakeFiles/lcd_1602_i2c.dir/home/pi/pico/pico-sdk/src/rp2_common/pico_stdio_usb/reset_interface.c.obj
 .text.resetd_control_complete_cb
                0x100046ac        0x4 CMakeFiles/lcd_1602_i2c.dir/home/pi/pico/pico-sdk/src/rp2_common/pico_stdio_usb/reset_interface.c.obj
 .text.resetd_xfer_cb
                0x100046b0        0x4 CMakeFiles/lcd_1602_i2c.dir/home/pi/pico/pico-sdk/src/rp2_common/pico_stdio_usb/reset_interface.c.obj
 .text.resetd_control_request_cb
                0x100046b4       0x68 CMakeFiles/lcd_1602_i2c.dir/home/pi/pico/pico-sdk/src/rp2_common/pico_stdio_usb/reset_interface.c.obj
 .text.usbd_app_driver_get_cb
                0x1000471c        0xc CMakeFiles/lcd_1602_i2c.dir/home/pi/pico/pico-sdk/src/rp2_common/pico_stdio_usb/reset_interface.c.obj
                0x1000471c                usbd_app_driver_get_cb
 .text.tud_cdc_line_coding_cb
                0x10004728       0x34 CMakeFiles/lcd_1602_i2c.dir/home/pi/pico/pico-sdk/src/rp2_common/pico_stdio_usb/reset_interface.c.obj
                0x10004728                tud_cdc_line_coding_cb
 .text.stdio_usb_in_chars
                0x1000475c       0x70 CMakeFiles/lcd_1602_i2c.dir/home/pi/pico/pico-sdk/src/rp2_common/pico_stdio_usb/stdio_usb.c.obj
                0x1000475c                stdio_usb_in_chars
 .text.low_priority_worker_irq
                0x100047cc       0x20 CMakeFiles/lcd_1602_i2c.dir/home/pi/pico/pico-sdk/src/rp2_common/pico_stdio_usb/stdio_usb.c.obj
 .text.stdio_usb_out_chars
                0x100047ec       0xd4 CMakeFiles/lcd_1602_i2c.dir/home/pi/pico/pico-sdk/src/rp2_common/pico_stdio_usb/stdio_usb.c.obj
 .text.timer_task
                0x100048c0       0x10 CMakeFiles/lcd_1602_i2c.dir/home/pi/pico/pico-sdk/src/rp2_common/pico_stdio_usb/stdio_usb.c.obj
 .text.stdio_usb_init
                0x100048d0       0x8c CMakeFiles/lcd_1602_i2c.dir/home/pi/pico/pico-sdk/src/rp2_common/pico_stdio_usb/stdio_usb.c.obj
                0x100048d0                stdio_usb_init
 .text.tud_descriptor_device_cb
                0x1000495c        0x8 CMakeFiles/lcd_1602_i2c.dir/home/pi/pico/pico-sdk/src/rp2_common/pico_stdio_usb/stdio_usb_descriptors.c.obj
                0x1000495c                tud_descriptor_device_cb
 .text.tud_descriptor_configuration_cb
                0x10004964        0x8 CMakeFiles/lcd_1602_i2c.dir/home/pi/pico/pico-sdk/src/rp2_common/pico_stdio_usb/stdio_usb_descriptors.c.obj
                0x10004964                tud_descriptor_configuration_cb
 .text.tud_descriptor_string_cb
                0x1000496c       0x50 CMakeFiles/lcd_1602_i2c.dir/home/pi/pico/pico-sdk/src/rp2_common/pico_stdio_usb/stdio_usb_descriptors.c.obj
                0x1000496c                tud_descriptor_string_cb
 .text.hw_endpoint_get_by_addr
                0x100049bc       0x1c CMakeFiles/lcd_1602_i2c.dir/home/pi/pico/pico-sdk/lib/tinyusb/src/portable/raspberrypi/rp2040/dcd_rp2040.c.obj
 .text.reset_ep0
                0x100049d8       0x2c CMakeFiles/lcd_1602_i2c.dir/home/pi/pico/pico-sdk/lib/tinyusb/src/portable/raspberrypi/rp2040/dcd_rp2040.c.obj
 .text._hw_endpoint_alloc
                0x10004a04       0x7c CMakeFiles/lcd_1602_i2c.dir/home/pi/pico/pico-sdk/lib/tinyusb/src/portable/raspberrypi/rp2040/dcd_rp2040.c.obj
 .text._hw_endpoint_init
                0x10004a80       0xbc CMakeFiles/lcd_1602_i2c.dir/home/pi/pico/pico-sdk/lib/tinyusb/src/portable/raspberrypi/rp2040/dcd_rp2040.c.obj
 .text.hw_endpoint_init
                0x10004b3c       0x18 CMakeFiles/lcd_1602_i2c.dir/home/pi/pico/pico-sdk/lib/tinyusb/src/portable/raspberrypi/rp2040/dcd_rp2040.c.obj
 .text.hw_handle_buff_status
                0x10004b54       0xbc CMakeFiles/lcd_1602_i2c.dir/home/pi/pico/pico-sdk/lib/tinyusb/src/portable/raspberrypi/rp2040/dcd_rp2040.c.obj
 .text.dcd_rp2040_irq
                0x10004c10       0x84 CMakeFiles/lcd_1602_i2c.dir/home/pi/pico/pico-sdk/lib/tinyusb/src/portable/raspberrypi/rp2040/dcd_rp2040.c.obj
 .text.hw_endpoint_xfer
                0x10004c94       0x18 CMakeFiles/lcd_1602_i2c.dir/home/pi/pico/pico-sdk/lib/tinyusb/src/portable/raspberrypi/rp2040/dcd_rp2040.c.obj
 .text.ep0_0len_status
                0x10004cac       0x14 CMakeFiles/lcd_1602_i2c.dir/home/pi/pico/pico-sdk/lib/tinyusb/src/portable/raspberrypi/rp2040/dcd_rp2040.c.obj
 .text._hw_endpoint_stall
                0x10004cc0       0x54 CMakeFiles/lcd_1602_i2c.dir/home/pi/pico/pico-sdk/lib/tinyusb/src/portable/raspberrypi/rp2040/dcd_rp2040.c.obj
 .text.hw_endpoint_stall
                0x10004d14        0xc CMakeFiles/lcd_1602_i2c.dir/home/pi/pico/pico-sdk/lib/tinyusb/src/portable/raspberrypi/rp2040/dcd_rp2040.c.obj
 .text._hw_endpoint_clear_stall
                0x10004d20       0x34 CMakeFiles/lcd_1602_i2c.dir/home/pi/pico/pico-sdk/lib/tinyusb/src/portable/raspberrypi/rp2040/dcd_rp2040.c.obj
 .text.hw_endpoint_clear_stall
                0x10004d54        0xc CMakeFiles/lcd_1602_i2c.dir/home/pi/pico/pico-sdk/lib/tinyusb/src/portable/raspberrypi/rp2040/dcd_rp2040.c.obj
 .text.dcd_int_enable
                0x10004d60       0x2c CMakeFiles/lcd_1602_i2c.dir/home/pi/pico/pico-sdk/lib/tinyusb/src/portable/raspberrypi/rp2040/dcd_rp2040.c.obj
                0x10004d60                dcd_int_enable
 .text.dcd_set_address
                0x10004d8c       0x30 CMakeFiles/lcd_1602_i2c.dir/home/pi/pico/pico-sdk/lib/tinyusb/src/portable/raspberrypi/rp2040/dcd_rp2040.c.obj
                0x10004d8c                dcd_set_address
 .text.dcd_connect
                0x10004dbc       0x30 CMakeFiles/lcd_1602_i2c.dir/home/pi/pico/pico-sdk/lib/tinyusb/src/portable/raspberrypi/rp2040/dcd_rp2040.c.obj
                0x10004dbc                dcd_connect
 .text.dcd_init
                0x10004dec       0x90 CMakeFiles/lcd_1602_i2c.dir/home/pi/pico/pico-sdk/lib/tinyusb/src/portable/raspberrypi/rp2040/dcd_rp2040.c.obj
                0x10004dec                dcd_init
 .text.dcd_edpt0_status_complete
                0x10004e7c       0x44 CMakeFiles/lcd_1602_i2c.dir/home/pi/pico/pico-sdk/lib/tinyusb/src/portable/raspberrypi/rp2040/dcd_rp2040.c.obj
                0x10004e7c                dcd_edpt0_status_complete
 .text.dcd_edpt_open
                0x10004ec0       0x40 CMakeFiles/lcd_1602_i2c.dir/home/pi/pico/pico-sdk/lib/tinyusb/src/portable/raspberrypi/rp2040/dcd_rp2040.c.obj
                0x10004ec0                dcd_edpt_open
 .text.dcd_edpt_xfer
                0x10004f00       0x34 CMakeFiles/lcd_1602_i2c.dir/home/pi/pico/pico-sdk/lib/tinyusb/src/portable/raspberrypi/rp2040/dcd_rp2040.c.obj
                0x10004f00                dcd_edpt_xfer
 .text.dcd_edpt_stall
                0x10004f34       0x28 CMakeFiles/lcd_1602_i2c.dir/home/pi/pico/pico-sdk/lib/tinyusb/src/portable/raspberrypi/rp2040/dcd_rp2040.c.obj
                0x10004f34                dcd_edpt_stall
 .text.dcd_edpt_clear_stall
                0x10004f5c       0x28 CMakeFiles/lcd_1602_i2c.dir/home/pi/pico/pico-sdk/lib/tinyusb/src/portable/raspberrypi/rp2040/dcd_rp2040.c.obj
                0x10004f5c                dcd_edpt_clear_stall
 .text.rp2040_usb_init
                0x10004f84       0x50 CMakeFiles/lcd_1602_i2c.dir/home/pi/pico/pico-sdk/lib/tinyusb/src/portable/raspberrypi/rp2040/rp2040_usb.c.obj
                0x10004f84                rp2040_usb_init
 .text.hw_endpoint_reset_transfer
                0x10004fd4       0x14 CMakeFiles/lcd_1602_i2c.dir/home/pi/pico/pico-sdk/lib/tinyusb/src/portable/raspberrypi/rp2040/rp2040_usb.c.obj
                0x10004fd4                hw_endpoint_reset_transfer
 .text._hw_endpoint_buffer_control_update32
                0x10004fe8       0x54 CMakeFiles/lcd_1602_i2c.dir/home/pi/pico/pico-sdk/lib/tinyusb/src/portable/raspberrypi/rp2040/rp2040_usb.c.obj
                0x10004fe8                _hw_endpoint_buffer_control_update32
 .text._hw_endpoint_start_next_buffer
                0x1000503c       0x5a CMakeFiles/lcd_1602_i2c.dir/home/pi/pico/pico-sdk/lib/tinyusb/src/portable/raspberrypi/rp2040/rp2040_usb.c.obj
                0x1000503c                _hw_endpoint_start_next_buffer
 .text._hw_endpoint_xfer_start
                0x10005096       0x46 CMakeFiles/lcd_1602_i2c.dir/home/pi/pico/pico-sdk/lib/tinyusb/src/portable/raspberrypi/rp2040/rp2040_usb.c.obj
                0x10005096                _hw_endpoint_xfer_start
 .text._hw_endpoint_xfer_sync
                0x100050dc       0x74 CMakeFiles/lcd_1602_i2c.dir/home/pi/pico/pico-sdk/lib/tinyusb/src/portable/raspberrypi/rp2040/rp2040_usb.c.obj
                0x100050dc                _hw_endpoint_xfer_sync
 .text._hw_endpoint_xfer_continue
                0x10005150       0x58 CMakeFiles/lcd_1602_i2c.dir/home/pi/pico/pico-sdk/lib/tinyusb/src/portable/raspberrypi/rp2040/rp2040_usb.c.obj
                0x10005150                _hw_endpoint_xfer_continue
 .text._hw_endpoint_xfer
                0x100051a8       0x34 CMakeFiles/lcd_1602_i2c.dir/home/pi/pico/pico-sdk/lib/tinyusb/src/portable/raspberrypi/rp2040/rp2040_usb.c.obj
                0x100051a8                _hw_endpoint_xfer
 .text.mark_interface_endpoint
                0x100051dc       0x2a CMakeFiles/lcd_1602_i2c.dir/home/pi/pico/pico-sdk/lib/tinyusb/src/device/usbd.c.obj
 *fill*         0x10005206        0x2 
 .text.usbd_reset
                0x10005208       0x8c CMakeFiles/lcd_1602_i2c.dir/home/pi/pico/pico-sdk/lib/tinyusb/src/device/usbd.c.obj
 .text.invoke_class_control
                0x10005294       0x18 CMakeFiles/lcd_1602_i2c.dir/home/pi/pico/pico-sdk/lib/tinyusb/src/device/usbd.c.obj
 .text.process_set_config
                0x100052ac      0x1d8 CMakeFiles/lcd_1602_i2c.dir/home/pi/pico/pico-sdk/lib/tinyusb/src/device/usbd.c.obj
 .text.process_get_descriptor
                0x10005484      0x100 CMakeFiles/lcd_1602_i2c.dir/home/pi/pico/pico-sdk/lib/tinyusb/src/device/usbd.c.obj
 .text.tud_mounted
                0x10005584       0x10 CMakeFiles/lcd_1602_i2c.dir/home/pi/pico/pico-sdk/lib/tinyusb/src/device/usbd.c.obj
                0x10005584                tud_mounted
 .text.tud_suspended
                0x10005594       0x10 CMakeFiles/lcd_1602_i2c.dir/home/pi/pico/pico-sdk/lib/tinyusb/src/device/usbd.c.obj
                0x10005594                tud_suspended
 .text.tud_init
                0x100055a4       0xb8 CMakeFiles/lcd_1602_i2c.dir/home/pi/pico/pico-sdk/lib/tinyusb/src/device/usbd.c.obj
                0x100055a4                tud_init
 .text.dcd_event_handler
                0x1000565c      0x1c0 CMakeFiles/lcd_1602_i2c.dir/home/pi/pico/pico-sdk/lib/tinyusb/src/device/usbd.c.obj
                0x1000565c                dcd_event_handler
 .text.dcd_event_bus_signal
                0x1000581c       0x28 CMakeFiles/lcd_1602_i2c.dir/home/pi/pico/pico-sdk/lib/tinyusb/src/device/usbd.c.obj
                0x1000581c                dcd_event_bus_signal
 .text.dcd_event_setup_received
                0x10005844       0x34 CMakeFiles/lcd_1602_i2c.dir/home/pi/pico/pico-sdk/lib/tinyusb/src/device/usbd.c.obj
                0x10005844                dcd_event_setup_received
 .text.dcd_event_xfer_complete
                0x10005878       0x46 CMakeFiles/lcd_1602_i2c.dir/home/pi/pico/pico-sdk/lib/tinyusb/src/device/usbd.c.obj
                0x10005878                dcd_event_xfer_complete
 .text.usbd_edpt_open
                0x100058be        0x8 CMakeFiles/lcd_1602_i2c.dir/home/pi/pico/pico-sdk/lib/tinyusb/src/device/usbd.c.obj
                0x100058be                usbd_edpt_open
 *fill*         0x100058c6        0x2 
 .text.usbd_open_edpt_pair
                0x100058c8       0x84 CMakeFiles/lcd_1602_i2c.dir/home/pi/pico/pico-sdk/lib/tinyusb/src/device/usbd.c.obj
                0x100058c8                usbd_open_edpt_pair
 .text.usbd_edpt_claim
                0x1000594c       0x88 CMakeFiles/lcd_1602_i2c.dir/home/pi/pico/pico-sdk/lib/tinyusb/src/device/usbd.c.obj
                0x1000594c                usbd_edpt_claim
 .text.usbd_edpt_release
                0x100059d4       0x68 CMakeFiles/lcd_1602_i2c.dir/home/pi/pico/pico-sdk/lib/tinyusb/src/device/usbd.c.obj
                0x100059d4                usbd_edpt_release
 .text.usbd_edpt_xfer
                0x10005a3c       0x80 CMakeFiles/lcd_1602_i2c.dir/home/pi/pico/pico-sdk/lib/tinyusb/src/device/usbd.c.obj
                0x10005a3c                usbd_edpt_xfer
 .text.usbd_edpt_stall
                0x10005abc       0x2c CMakeFiles/lcd_1602_i2c.dir/home/pi/pico/pico-sdk/lib/tinyusb/src/device/usbd.c.obj
                0x10005abc                usbd_edpt_stall
 .text.usbd_edpt_clear_stall
                0x10005ae8       0x2c CMakeFiles/lcd_1602_i2c.dir/home/pi/pico/pico-sdk/lib/tinyusb/src/device/usbd.c.obj
                0x10005ae8                usbd_edpt_clear_stall
 .text.usbd_edpt_stalled
                0x10005b14       0x1c CMakeFiles/lcd_1602_i2c.dir/home/pi/pico/pico-sdk/lib/tinyusb/src/device/usbd.c.obj
                0x10005b14                usbd_edpt_stalled
 .text.process_control_request
                0x10005b30      0x37c CMakeFiles/lcd_1602_i2c.dir/home/pi/pico/pico-sdk/lib/tinyusb/src/device/usbd.c.obj
 .text.tud_task
                0x10005eac      0x204 CMakeFiles/lcd_1602_i2c.dir/home/pi/pico/pico-sdk/lib/tinyusb/src/device/usbd.c.obj
                0x10005eac                tud_task
 .text._data_stage_xact
                0x100060b0       0x58 CMakeFiles/lcd_1602_i2c.dir/home/pi/pico/pico-sdk/lib/tinyusb/src/device/usbd_control.c.obj
 .text.tud_control_status
                0x10006108       0x38 CMakeFiles/lcd_1602_i2c.dir/home/pi/pico/pico-sdk/lib/tinyusb/src/device/usbd_control.c.obj
                0x10006108                tud_control_status
 .text.tud_control_xfer
                0x10006140       0xa4 CMakeFiles/lcd_1602_i2c.dir/home/pi/pico/pico-sdk/lib/tinyusb/src/device/usbd_control.c.obj
                0x10006140                tud_control_xfer
 .text.usbd_control_reset
                0x100061e4       0x14 CMakeFiles/lcd_1602_i2c.dir/home/pi/pico/pico-sdk/lib/tinyusb/src/device/usbd_control.c.obj
                0x100061e4                usbd_control_reset
 .text.usbd_control_set_complete_callback
                0x100061f8        0xc CMakeFiles/lcd_1602_i2c.dir/home/pi/pico/pico-sdk/lib/tinyusb/src/device/usbd_control.c.obj
                0x100061f8                usbd_control_set_complete_callback
 .text.usbd_control_set_request
                0x10006204       0x1c CMakeFiles/lcd_1602_i2c.dir/home/pi/pico/pico-sdk/lib/tinyusb/src/device/usbd_control.c.obj
                0x10006204                usbd_control_set_request
 .text.usbd_control_xfer_cb
                0x10006220       0xec CMakeFiles/lcd_1602_i2c.dir/home/pi/pico/pico-sdk/lib/tinyusb/src/device/usbd_control.c.obj
                0x10006220                usbd_control_xfer_cb
 .text._prep_out_transaction
                0x1000630c       0x46 CMakeFiles/lcd_1602_i2c.dir/home/pi/pico/pico-sdk/lib/tinyusb/src/class/cdc/cdc_device.c.obj
 *fill*         0x10006352        0x2 
 .text.tud_cdc_n_connected
                0x10006354       0x48 CMakeFiles/lcd_1602_i2c.dir/home/pi/pico/pico-sdk/lib/tinyusb/src/class/cdc/cdc_device.c.obj
                0x10006354                tud_cdc_n_connected
 .text.tud_cdc_n_available
                0x1000639c       0x1c CMakeFiles/lcd_1602_i2c.dir/home/pi/pico/pico-sdk/lib/tinyusb/src/class/cdc/cdc_device.c.obj
                0x1000639c                tud_cdc_n_available
 .text.tud_cdc_n_read
                0x100063b8       0x30 CMakeFiles/lcd_1602_i2c.dir/home/pi/pico/pico-sdk/lib/tinyusb/src/class/cdc/cdc_device.c.obj
                0x100063b8                tud_cdc_n_read
 .text.tud_cdc_n_write_flush
                0x100063e8       0xc4 CMakeFiles/lcd_1602_i2c.dir/home/pi/pico/pico-sdk/lib/tinyusb/src/class/cdc/cdc_device.c.obj
                0x100063e8                tud_cdc_n_write_flush
 .text.tud_cdc_n_write
                0x100064ac       0x38 CMakeFiles/lcd_1602_i2c.dir/home/pi/pico/pico-sdk/lib/tinyusb/src/class/cdc/cdc_device.c.obj
                0x100064ac                tud_cdc_n_write
 .text.tud_cdc_n_write_available
                0x100064e4       0x1c CMakeFiles/lcd_1602_i2c.dir/home/pi/pico/pico-sdk/lib/tinyusb/src/class/cdc/cdc_device.c.obj
                0x100064e4                tud_cdc_n_write_available
 .text.cdcd_init
                0x10006500       0xd4 CMakeFiles/lcd_1602_i2c.dir/home/pi/pico/pico-sdk/lib/tinyusb/src/class/cdc/cdc_device.c.obj
                0x10006500                cdcd_init
 .text.cdcd_reset
                0x100065d4       0x44 CMakeFiles/lcd_1602_i2c.dir/home/pi/pico/pico-sdk/lib/tinyusb/src/class/cdc/cdc_device.c.obj
                0x100065d4                cdcd_reset
 .text.cdcd_open
                0x10006618      0x110 CMakeFiles/lcd_1602_i2c.dir/home/pi/pico/pico-sdk/lib/tinyusb/src/class/cdc/cdc_device.c.obj
                0x10006618                cdcd_open
 .text.cdcd_control_complete
                0x10006728       0x60 CMakeFiles/lcd_1602_i2c.dir/home/pi/pico/pico-sdk/lib/tinyusb/src/class/cdc/cdc_device.c.obj
                0x10006728                cdcd_control_complete
 .text.cdcd_control_request
                0x10006788       0x9c CMakeFiles/lcd_1602_i2c.dir/home/pi/pico/pico-sdk/lib/tinyusb/src/class/cdc/cdc_device.c.obj
                0x10006788                cdcd_control_request
 .text.cdcd_xfer_cb
                0x10006824      0x134 CMakeFiles/lcd_1602_i2c.dir/home/pi/pico/pico-sdk/lib/tinyusb/src/class/cdc/cdc_device.c.obj
                0x10006824                cdcd_xfer_cb
 .text.tusb_init
                0x10006958       0x38 CMakeFiles/lcd_1602_i2c.dir/home/pi/pico/pico-sdk/lib/tinyusb/src/tusb.c.obj
                0x10006958                tusb_init
 .text.tusb_inited
                0x10006990        0xc CMakeFiles/lcd_1602_i2c.dir/home/pi/pico/pico-sdk/lib/tinyusb/src/tusb.c.obj
                0x10006990                tusb_inited
 .text.advance_pointer
                0x1000699c       0x20 CMakeFiles/lcd_1602_i2c.dir/home/pi/pico/pico-sdk/lib/tinyusb/src/common/tusb_fifo.c.obj
 .text.backward_pointer
                0x100069bc       0x20 CMakeFiles/lcd_1602_i2c.dir/home/pi/pico/pico-sdk/lib/tinyusb/src/common/tusb_fifo.c.obj
 .text.get_relative_pointer
                0x100069dc       0x16 CMakeFiles/lcd_1602_i2c.dir/home/pi/pico/pico-sdk/lib/tinyusb/src/common/tusb_fifo.c.obj
 .text.tu_fifo_lock
                0x100069f2       0x12 CMakeFiles/lcd_1602_i2c.dir/home/pi/pico/pico-sdk/lib/tinyusb/src/common/tusb_fifo.c.obj
 .text.tu_fifo_unlock
                0x10006a04        0xe CMakeFiles/lcd_1602_i2c.dir/home/pi/pico/pico-sdk/lib/tinyusb/src/common/tusb_fifo.c.obj
 .text._tu_fifo_peek_at
                0x10006a12       0x5e CMakeFiles/lcd_1602_i2c.dir/home/pi/pico/pico-sdk/lib/tinyusb/src/common/tusb_fifo.c.obj
 .text._ff_pull_n
                0x10006a70       0x4a CMakeFiles/lcd_1602_i2c.dir/home/pi/pico/pico-sdk/lib/tinyusb/src/common/tusb_fifo.c.obj
 .text._tu_fifo_peek_at_n
                0x10006aba       0x72 CMakeFiles/lcd_1602_i2c.dir/home/pi/pico/pico-sdk/lib/tinyusb/src/common/tusb_fifo.c.obj
 .text._ff_push_n
                0x10006b2c       0x4a CMakeFiles/lcd_1602_i2c.dir/home/pi/pico/pico-sdk/lib/tinyusb/src/common/tusb_fifo.c.obj
 .text.tu_fifo_config
                0x10006b76       0x48 CMakeFiles/lcd_1602_i2c.dir/home/pi/pico/pico-sdk/lib/tinyusb/src/common/tusb_fifo.c.obj
                0x10006b76                tu_fifo_config
 .text.tu_fifo_count
                0x10006bbe       0x1a CMakeFiles/lcd_1602_i2c.dir/home/pi/pico/pico-sdk/lib/tinyusb/src/common/tusb_fifo.c.obj
                0x10006bbe                tu_fifo_count
 .text.tu_fifo_remaining
                0x10006bd8       0x20 CMakeFiles/lcd_1602_i2c.dir/home/pi/pico/pico-sdk/lib/tinyusb/src/common/tusb_fifo.c.obj
                0x10006bd8                tu_fifo_remaining
 .text.tu_fifo_read
                0x10006bf8       0x3a CMakeFiles/lcd_1602_i2c.dir/home/pi/pico/pico-sdk/lib/tinyusb/src/common/tusb_fifo.c.obj
                0x10006bf8                tu_fifo_read
 .text.tu_fifo_read_n
                0x10006c32       0x3e CMakeFiles/lcd_1602_i2c.dir/home/pi/pico/pico-sdk/lib/tinyusb/src/common/tusb_fifo.c.obj
                0x10006c32                tu_fifo_read_n
 .text.tu_fifo_write
                0x10006c70       0x5c CMakeFiles/lcd_1602_i2c.dir/home/pi/pico/pico-sdk/lib/tinyusb/src/common/tusb_fifo.c.obj
                0x10006c70                tu_fifo_write
 .text.tu_fifo_write_n
                0x10006ccc       0x7c CMakeFiles/lcd_1602_i2c.dir/home/pi/pico/pico-sdk/lib/tinyusb/src/common/tusb_fifo.c.obj
                0x10006ccc                tu_fifo_write_n
 .text.tu_fifo_clear
                0x10006d48       0x18 CMakeFiles/lcd_1602_i2c.dir/home/pi/pico/pico-sdk/lib/tinyusb/src/common/tusb_fifo.c.obj
                0x10006d48                tu_fifo_clear
 .text.i2c_write_blocking_internal
                0x10006d60       0xe4 CMakeFiles/lcd_1602_i2c.dir/home/pi/pico/pico-sdk/src/rp2_common/hardware_i2c/i2c.c.obj
 .text.i2c_set_baudrate
                0x10006e44       0x68 CMakeFiles/lcd_1602_i2c.dir/home/pi/pico/pico-sdk/src/rp2_common/hardware_i2c/i2c.c.obj
                0x10006e44                i2c_set_baudrate
 .text.i2c_init
                0x10006eac       0x54 CMakeFiles/lcd_1602_i2c.dir/home/pi/pico/pico-sdk/src/rp2_common/hardware_i2c/i2c.c.obj
                0x10006eac                i2c_init
 .text.i2c_write_blocking
                0x10006f00       0x18 CMakeFiles/lcd_1602_i2c.dir/home/pi/pico/pico-sdk/src/rp2_common/hardware_i2c/i2c.c.obj
                0x10006f00                i2c_write_blocking
 .text          0x10006f18       0x64 /usr/lib/gcc/arm-none-eabi/7.3.1/../../../arm-none-eabi/lib/thumb/v6-m/libg.a(lib_a-strlen-stub.o)
                0x10006f18                strlen
 *(.fini)
 .fini          0x10006f7c        0x4 /usr/lib/gcc/arm-none-eabi/7.3.1/thumb/v6-m/crti.o
                0x10006f7c                _fini
 .fini.__stub   0x10006f80       0x60 linker stubs
 *crtbegin.o(.ctors)
 *crtbegin?.o(.ctors)
 *(EXCLUDE_FILE(*crtend.o *crtend?.o) .ctors)
 *(SORT_BY_NAME(.ctors.*))
 *(.ctors)
 *crtbegin.o(.dtors)
 *crtbegin?.o(.dtors)
 *(EXCLUDE_FILE(*crtend.o *crtend?.o) .dtors)
 *(SORT_BY_NAME(.dtors.*))
 *(.dtors)
 *(.eh_frame*)
 .eh_frame      0x10006fe0        0x0 /usr/lib/gcc/arm-none-eabi/7.3.1/thumb/v6-m/crtbegin.o
                0x10006fe0                . = ALIGN (0x4)

.glue_7         0x10006fe0        0x0
 .glue_7        0x10006fe0        0x0 linker stubs

.glue_7t        0x10006fe0        0x0
 .glue_7t       0x10006fe0        0x0 linker stubs

.vfp11_veneer   0x10006fe0        0x0
 .vfp11_veneer  0x10006fe0        0x0 linker stubs

.v4_bx          0x10006fe0        0x0
 .v4_bx         0x10006fe0        0x0 linker stubs

.iplt           0x10006fe0        0x0
 .iplt          0x10006fe0        0x0 /usr/lib/gcc/arm-none-eabi/7.3.1/thumb/v6-m/crtbegin.o

.rodata         0x10006fe0     0x13dc
 *(EXCLUDE_FILE(*libm.a: *libc.a:*lib_a-mem*.o *libgcc.a:) .rodata*)
 .rodata.__bi_211.6285
                0x10006fe0        0x8 CMakeFiles/lcd_1602_i2c.dir/lcd_1602_i2c.c.obj
 .rodata.main.str1.4
                0x10006fe8       0x4e CMakeFiles/lcd_1602_i2c.dir/lcd_1602_i2c.c.obj
 *fill*         0x10007036        0x2 
 .rodata.read_from_dht.str1.4
                0x10007038       0x14 CMakeFiles/lcd_1602_i2c.dir/lcd_1602_i2c.c.obj
 .rodata.spin_lock_claim_unused.str1.4
                0x1000704c       0x1b CMakeFiles/lcd_1602_i2c.dir/home/pi/pico/pico-sdk/src/rp2_common/hardware_sync/sync.c.obj
 *fill*         0x10007067        0x1 
 .rodata.__func__.5876
                0x10007068        0xc CMakeFiles/lcd_1602_i2c.dir/home/pi/pico/pico-sdk/src/common/pico_time/time.c.obj
 .rodata.__func__.5883
                0x10007074       0x12 CMakeFiles/lcd_1602_i2c.dir/home/pi/pico/pico-sdk/src/common/pico_time/time.c.obj
 *fill*         0x10007086        0x2 
 .rodata.__func__.5899
                0x10007088        0xf CMakeFiles/lcd_1602_i2c.dir/home/pi/pico/pico-sdk/src/common/pico_time/time.c.obj
 *fill*         0x10007097        0x1 
 .rodata.__func__.5921
                0x10007098        0xd CMakeFiles/lcd_1602_i2c.dir/home/pi/pico/pico-sdk/src/common/pico_time/time.c.obj
 *fill*         0x100070a5        0x3 
 .rodata.__func__.6041
                0x100070a8        0xa CMakeFiles/lcd_1602_i2c.dir/home/pi/pico/pico-sdk/src/common/pico_time/time.c.obj
 *fill*         0x100070b2        0x2 
 .rodata.__func__.6046
                0x100070b4       0x12 CMakeFiles/lcd_1602_i2c.dir/home/pi/pico/pico-sdk/src/common/pico_time/time.c.obj
 *fill*         0x100070c6        0x2 
 .rodata.__func__.6061
                0x100070c8       0x17 CMakeFiles/lcd_1602_i2c.dir/home/pi/pico/pico-sdk/src/common/pico_time/time.c.obj
 *fill*         0x100070df        0x1 
 .rodata.__func__.6072
                0x100070e0       0x15 CMakeFiles/lcd_1602_i2c.dir/home/pi/pico/pico-sdk/src/common/pico_time/time.c.obj
 *fill*         0x100070f5        0x3 
 .rodata.__func__.6089
                0x100070f8       0x1a CMakeFiles/lcd_1602_i2c.dir/home/pi/pico/pico-sdk/src/common/pico_time/time.c.obj
 *fill*         0x10007112        0x2 
 .rodata.__func__.6128
                0x10007114       0x18 CMakeFiles/lcd_1602_i2c.dir/home/pi/pico/pico-sdk/src/common/pico_time/time.c.obj
 .rodata.add_alarm_under_lock.str1.4
                0x1000712c       0x28 CMakeFiles/lcd_1602_i2c.dir/home/pi/pico/pico-sdk/src/common/pico_time/time.c.obj
                                 0x2b (size before relaxing)
 .rodata.alarm_pool_alarm_callback.str1.4
                0x10007154       0x82 CMakeFiles/lcd_1602_i2c.dir/home/pi/pico/pico-sdk/src/common/pico_time/time.c.obj
 *fill*         0x100071d6        0x2 
 .rodata.alarm_pool_cancel_alarm.str1.4
                0x100071d8       0x27 CMakeFiles/lcd_1602_i2c.dir/home/pi/pico/pico-sdk/src/common/pico_time/time.c.obj
 *fill*         0x100071ff        0x1 
 .rodata.alarm_pool_get_default.str1.4
                0x10007200       0x21 CMakeFiles/lcd_1602_i2c.dir/home/pi/pico/pico-sdk/src/common/pico_time/time.c.obj
 *fill*         0x10007221        0x3 
 .rodata.ph_add_child_node.str1.4
                0x10007224       0x92 CMakeFiles/lcd_1602_i2c.dir/home/pi/pico/pico-sdk/src/common/pico_time/time.c.obj
 *fill*         0x100072b6        0x2 
 .rodata.repeating_timer_callback.str1.4
                0x100072b8       0x47 CMakeFiles/lcd_1602_i2c.dir/home/pi/pico/pico-sdk/src/common/pico_time/time.c.obj
 *fill*         0x100072ff        0x1 
 .rodata.sleep_until.str1.4
                0x10007300       0x4d CMakeFiles/lcd_1602_i2c.dir/home/pi/pico/pico-sdk/src/common/pico_time/time.c.obj
 *fill*         0x1000734d        0x3 
 .rodata.timer_pool_entry_comparator.str1.4
                0x10007350       0x22 CMakeFiles/lcd_1602_i2c.dir/home/pi/pico/pico-sdk/src/common/pico_time/time.c.obj
 *fill*         0x10007372        0x2 
 .rodata.__func__.4492
                0x10007374       0x1a CMakeFiles/lcd_1602_i2c.dir/home/pi/pico/pico-sdk/src/rp2_common/hardware_timer/timer.c.obj
 *fill*         0x1000738e        0x2 
 .rodata.hardware_alarm_claim.str1.4
                0x10007390       0x22 CMakeFiles/lcd_1602_i2c.dir/home/pi/pico/pico-sdk/src/rp2_common/hardware_timer/timer.c.obj
 *fill*         0x100073b2        0x2 
 .rodata.hardware_alarm_set_target.str1.4
                0x100073b4       0x61 CMakeFiles/lcd_1602_i2c.dir/home/pi/pico/pico-sdk/src/rp2_common/hardware_timer/timer.c.obj
 *fill*         0x10007415        0x3 
 .rodata.__func__.4548
                0x10007418       0x15 CMakeFiles/lcd_1602_i2c.dir/home/pi/pico/pico-sdk/src/common/pico_sync/mutex.c.obj
 *fill*         0x1000742d        0x3 
 .rodata.__func__.4567
                0x10007430       0x18 CMakeFiles/lcd_1602_i2c.dir/home/pi/pico/pico-sdk/src/common/pico_sync/mutex.c.obj
 .rodata.__func__.4576
                0x10007448        0xb CMakeFiles/lcd_1602_i2c.dir/home/pi/pico/pico-sdk/src/common/pico_sync/mutex.c.obj
 *fill*         0x10007453        0x1 
 .rodata.str1.4
                0x10007454       0x58 CMakeFiles/lcd_1602_i2c.dir/home/pi/pico/pico-sdk/src/common/pico_sync/mutex.c.obj
 .rodata.__func__.5652
                0x100074ac        0xc CMakeFiles/lcd_1602_i2c.dir/home/pi/pico/pico-sdk/src/common/pico_util/pheap.c.obj
 .rodata.__func__.5659
                0x100074b8       0x12 CMakeFiles/lcd_1602_i2c.dir/home/pi/pico/pico-sdk/src/common/pico_util/pheap.c.obj
 *fill*         0x100074ca        0x2 
 .rodata.__func__.5745
                0x100074cc       0x13 CMakeFiles/lcd_1602_i2c.dir/home/pi/pico/pico-sdk/src/common/pico_util/pheap.c.obj
 *fill*         0x100074df        0x1 
 .rodata.__func__.5763
                0x100074e0       0x18 CMakeFiles/lcd_1602_i2c.dir/home/pi/pico/pico-sdk/src/common/pico_util/pheap.c.obj
 .rodata.ph_add_child_node.str1.4
                0x100074f8       0x92 CMakeFiles/lcd_1602_i2c.dir/home/pi/pico/pico-sdk/src/common/pico_util/pheap.c.obj
 .rodata.ph_remove_and_free_node.str1.4
                0x100074f8       0x26 CMakeFiles/lcd_1602_i2c.dir/home/pi/pico/pico-sdk/src/common/pico_util/pheap.c.obj
 *fill*         0x1000751e        0x2 
 .rodata.ph_remove_any_head.str1.4
                0x10007520       0x88 CMakeFiles/lcd_1602_i2c.dir/home/pi/pico/pico-sdk/src/common/pico_util/pheap.c.obj
 .rodata.__assert_func.str1.4
                0x100075a8       0x3f CMakeFiles/lcd_1602_i2c.dir/home/pi/pico/pico-sdk/src/rp2_common/pico_runtime/runtime.c.obj
                                 0x43 (size before relaxing)
 *fill*         0x100075e7        0x1 
 .rodata.panic.str1.4
                0x100075e8       0x12 CMakeFiles/lcd_1602_i2c.dir/home/pi/pico/pico-sdk/src/rp2_common/pico_runtime/runtime.c.obj
 *fill*         0x100075fa        0x2 
 .rodata.__func__.4612
                0x100075fc       0x10 CMakeFiles/lcd_1602_i2c.dir/home/pi/pico/pico-sdk/src/rp2_common/hardware_clocks/clocks.c.obj
 .rodata.clock_configure.str1.4
                0x1000760c       0x53 CMakeFiles/lcd_1602_i2c.dir/home/pi/pico/pico-sdk/src/rp2_common/hardware_clocks/clocks.c.obj
 *fill*         0x1000765f        0x1 
 .rodata.__func__.4342
                0x10007660        0x9 CMakeFiles/lcd_1602_i2c.dir/home/pi/pico/pico-sdk/src/rp2_common/hardware_pll/pll.c.obj
 *fill*         0x10007669        0x3 
 .rodata.pll_init.str1.4
                0x1000766c       0xd7 CMakeFiles/lcd_1602_i2c.dir/home/pi/pico/pico-sdk/src/rp2_common/hardware_pll/pll.c.obj
 *fill*         0x10007743        0x1 
 .rodata.__func__.4452
                0x10007744       0x1a CMakeFiles/lcd_1602_i2c.dir/home/pi/pico/pico-sdk/src/rp2_common/hardware_irq/irq.c.obj
 *fill*         0x1000775e        0x2 
 .rodata.__func__.4466
                0x10007760        0xc CMakeFiles/lcd_1602_i2c.dir/home/pi/pico/pico-sdk/src/rp2_common/hardware_irq/irq.c.obj
 .rodata.__func__.4474
                0x1000776c       0x17 CMakeFiles/lcd_1602_i2c.dir/home/pi/pico/pico-sdk/src/rp2_common/hardware_irq/irq.c.obj
 *fill*         0x10007783        0x1 
 .rodata.__func__.4478
                0x10007784        0xf CMakeFiles/lcd_1602_i2c.dir/home/pi/pico/pico-sdk/src/rp2_common/hardware_irq/irq.c.obj
 *fill*         0x10007793        0x1 
 .rodata.__func__.4517
                0x10007794       0x13 CMakeFiles/lcd_1602_i2c.dir/home/pi/pico/pico-sdk/src/rp2_common/hardware_irq/irq.c.obj
 *fill*         0x100077a7        0x1 
 .rodata.__func__.4536
                0x100077a8       0x1a CMakeFiles/lcd_1602_i2c.dir/home/pi/pico/pico-sdk/src/rp2_common/hardware_irq/irq.c.obj
 *fill*         0x100077c2        0x2 
 .rodata.irq_add_shared_handler.str1.4
                0x100077c4       0xd9 CMakeFiles/lcd_1602_i2c.dir/home/pi/pico/pico-sdk/src/rp2_common/hardware_irq/irq.c.obj
 *fill*         0x1000789d        0x3 
 .rodata.irq_add_tail_to_free_list.str1.4
                0x100078a0       0x32 CMakeFiles/lcd_1602_i2c.dir/home/pi/pico/pico-sdk/src/rp2_common/hardware_irq/irq.c.obj
                                 0x3a (size before relaxing)
 *fill*         0x100078d2        0x2 
 .rodata.irq_remove_handler.str1.4
                0x100078d4       0x2a CMakeFiles/lcd_1602_i2c.dir/home/pi/pico/pico-sdk/src/rp2_common/hardware_irq/irq.c.obj
 *fill*         0x100078fe        0x2 
 .rodata.irq_set_exclusive_handler.str1.4
                0x10007900       0x36 CMakeFiles/lcd_1602_i2c.dir/home/pi/pico/pico-sdk/src/rp2_common/hardware_irq/irq.c.obj
 *fill*         0x10007936        0x2 
 .rodata.make_branch.str1.4
                0x10007938       0x49 CMakeFiles/lcd_1602_i2c.dir/home/pi/pico/pico-sdk/src/rp2_common/hardware_irq/irq.c.obj
 *fill*         0x10007981        0x3 
 .rodata._vsnprintf
                0x10007984      0x1e0 CMakeFiles/lcd_1602_i2c.dir/home/pi/pico/pico-sdk/src/rp2_common/pico_printf/printf.c.obj
 .rodata._ftoa.str1.4
                0x10007b64       0x15 CMakeFiles/lcd_1602_i2c.dir/home/pi/pico/pico-sdk/src/rp2_common/pico_printf/printf.c.obj
 *fill*         0x10007b79        0x7 
 .rodata.pow10.5366
                0x10007b80       0x50 CMakeFiles/lcd_1602_i2c.dir/home/pi/pico/pico-sdk/src/rp2_common/pico_printf/printf.c.obj
 .rodata.__aeabi_double_init.str1.4
                0x10007bd0       0xa4 CMakeFiles/lcd_1602_i2c.dir/home/pi/pico/pico-sdk/src/rp2_common/pico_double/double_init_rom.c.obj
 .rodata.__func__.4625
                0x10007c74       0x14 CMakeFiles/lcd_1602_i2c.dir/home/pi/pico/pico-sdk/src/rp2_common/pico_double/double_init_rom.c.obj
 .rodata.__aeabi_float_init.str1.4
                0x10007c88       0x76 CMakeFiles/lcd_1602_i2c.dir/home/pi/pico/pico-sdk/src/rp2_common/pico_float/float_init_rom.c.obj
                                 0x7a (size before relaxing)
 *fill*         0x10007cfe        0x2 
 .rodata.__func__.4627
                0x10007d00       0x13 CMakeFiles/lcd_1602_i2c.dir/home/pi/pico/pico-sdk/src/rp2_common/pico_float/float_init_rom.c.obj
 *fill*         0x10007d13        0x1 
 .rodata.__bi_40
                0x10007d14        0xc CMakeFiles/lcd_1602_i2c.dir/home/pi/pico/pico-sdk/src/rp2_common/pico_standard_link/binary_info.c.obj
 .rodata.__bi_71
                0x10007d20        0xc CMakeFiles/lcd_1602_i2c.dir/home/pi/pico/pico-sdk/src/rp2_common/pico_standard_link/binary_info.c.obj
 .rodata.__bi_77
                0x10007d2c        0xc CMakeFiles/lcd_1602_i2c.dir/home/pi/pico/pico-sdk/src/rp2_common/pico_standard_link/binary_info.c.obj
 .rodata.str1.4
                0x10007d38       0x44 CMakeFiles/lcd_1602_i2c.dir/home/pi/pico/pico-sdk/src/rp2_common/pico_standard_link/binary_info.c.obj
 .rodata.crlf_str.5794
                0x10007d7c        0x2 CMakeFiles/lcd_1602_i2c.dir/home/pi/pico/pico-sdk/src/rp2_common/pico_stdio/stdio.c.obj
 *fill*         0x10007d7e        0x2 
 .rodata._resetd_driver
                0x10007d80       0x1c CMakeFiles/lcd_1602_i2c.dir/home/pi/pico/pico-sdk/src/rp2_common/pico_stdio_usb/reset_interface.c.obj
 .rodata.__bi_92.6993
                0x10007d9c        0xc CMakeFiles/lcd_1602_i2c.dir/home/pi/pico/pico-sdk/src/rp2_common/pico_stdio_usb/stdio_usb.c.obj
 .rodata.str1.4
                0x10007da8       0x13 CMakeFiles/lcd_1602_i2c.dir/home/pi/pico/pico-sdk/src/rp2_common/pico_stdio_usb/stdio_usb.c.obj
 *fill*         0x10007dbb        0x1 
 .rodata.str1.4
                0x10007dbc       0x3a CMakeFiles/lcd_1602_i2c.dir/home/pi/pico/pico-sdk/src/rp2_common/pico_stdio_usb/stdio_usb_descriptors.c.obj
 *fill*         0x10007df6        0x2 
 .rodata.usbd_desc_cfg
                0x10007df8       0x54 CMakeFiles/lcd_1602_i2c.dir/home/pi/pico/pico-sdk/src/rp2_common/pico_stdio_usb/stdio_usb_descriptors.c.obj
 .rodata.usbd_desc_device
                0x10007e4c       0x12 CMakeFiles/lcd_1602_i2c.dir/home/pi/pico/pico-sdk/src/rp2_common/pico_stdio_usb/stdio_usb_descriptors.c.obj
 *fill*         0x10007e5e        0x2 
 .rodata.usbd_desc_str
                0x10007e60       0x18 CMakeFiles/lcd_1602_i2c.dir/home/pi/pico/pico-sdk/src/rp2_common/pico_stdio_usb/stdio_usb_descriptors.c.obj
 .rodata.__func__.6704
                0x10007e78       0x13 CMakeFiles/lcd_1602_i2c.dir/home/pi/pico/pico-sdk/lib/tinyusb/src/portable/raspberrypi/rp2040/dcd_rp2040.c.obj
 *fill*         0x10007e8b        0x1 
 .rodata.__func__.6735
                0x10007e8c       0x16 CMakeFiles/lcd_1602_i2c.dir/home/pi/pico/pico-sdk/lib/tinyusb/src/portable/raspberrypi/rp2040/dcd_rp2040.c.obj
 *fill*         0x10007ea2        0x2 
 .rodata.__func__.6756
                0x10007ea4       0x13 CMakeFiles/lcd_1602_i2c.dir/home/pi/pico/pico-sdk/lib/tinyusb/src/portable/raspberrypi/rp2040/dcd_rp2040.c.obj
 *fill*         0x10007eb7        0x1 
 .rodata.__func__.6777
                0x10007eb8        0x9 CMakeFiles/lcd_1602_i2c.dir/home/pi/pico/pico-sdk/lib/tinyusb/src/portable/raspberrypi/rp2040/dcd_rp2040.c.obj
 *fill*         0x10007ec1        0x3 
 .rodata.__func__.6781
                0x10007ec4        0xf CMakeFiles/lcd_1602_i2c.dir/home/pi/pico/pico-sdk/lib/tinyusb/src/portable/raspberrypi/rp2040/dcd_rp2040.c.obj
 *fill*         0x10007ed3        0x1 
 .rodata.__func__.6790
                0x10007ed4       0x10 CMakeFiles/lcd_1602_i2c.dir/home/pi/pico/pico-sdk/lib/tinyusb/src/portable/raspberrypi/rp2040/dcd_rp2040.c.obj
 .rodata.__func__.6802
                0x10007ee4        0xc CMakeFiles/lcd_1602_i2c.dir/home/pi/pico/pico-sdk/lib/tinyusb/src/portable/raspberrypi/rp2040/dcd_rp2040.c.obj
 .rodata.__func__.6807
                0x10007ef0       0x1a CMakeFiles/lcd_1602_i2c.dir/home/pi/pico/pico-sdk/lib/tinyusb/src/portable/raspberrypi/rp2040/dcd_rp2040.c.obj
 *fill*         0x10007f0a        0x2 
 .rodata.__func__.6812
                0x10007f0c        0xe CMakeFiles/lcd_1602_i2c.dir/home/pi/pico/pico-sdk/lib/tinyusb/src/portable/raspberrypi/rp2040/dcd_rp2040.c.obj
 *fill*         0x10007f1a        0x2 
 .rodata.__func__.6819
                0x10007f1c        0xe CMakeFiles/lcd_1602_i2c.dir/home/pi/pico/pico-sdk/lib/tinyusb/src/portable/raspberrypi/rp2040/dcd_rp2040.c.obj
 *fill*         0x10007f2a        0x2 
 .rodata.__func__.6824
                0x10007f2c        0xf CMakeFiles/lcd_1602_i2c.dir/home/pi/pico/pico-sdk/lib/tinyusb/src/portable/raspberrypi/rp2040/dcd_rp2040.c.obj
 *fill*         0x10007f3b        0x1 
 .rodata.__func__.6829
                0x10007f3c       0x15 CMakeFiles/lcd_1602_i2c.dir/home/pi/pico/pico-sdk/lib/tinyusb/src/portable/raspberrypi/rp2040/dcd_rp2040.c.obj
 *fill*         0x10007f51        0x3 
 .rodata._hw_endpoint_alloc.str1.4
                0x10007f54       0xb1 CMakeFiles/lcd_1602_i2c.dir/home/pi/pico/pico-sdk/lib/tinyusb/src/portable/raspberrypi/rp2040/dcd_rp2040.c.obj
 *fill*         0x10008005        0x3 
 .rodata._hw_endpoint_init.str1.4
                0x10008008       0x28 CMakeFiles/lcd_1602_i2c.dir/home/pi/pico/pico-sdk/lib/tinyusb/src/portable/raspberrypi/rp2040/dcd_rp2040.c.obj
 .rodata._hw_endpoint_stall.str1.4
                0x10008030        0xd CMakeFiles/lcd_1602_i2c.dir/home/pi/pico/pico-sdk/lib/tinyusb/src/portable/raspberrypi/rp2040/dcd_rp2040.c.obj
 *fill*         0x1000803d        0x3 
 .rodata.dcd_int_enable.str1.4
                0x10008040        0xc CMakeFiles/lcd_1602_i2c.dir/home/pi/pico/pico-sdk/lib/tinyusb/src/portable/raspberrypi/rp2040/dcd_rp2040.c.obj
 .rodata.dcd_rp2040_irq.str1.4
                0x1000804c       0x14 CMakeFiles/lcd_1602_i2c.dir/home/pi/pico/pico-sdk/lib/tinyusb/src/portable/raspberrypi/rp2040/dcd_rp2040.c.obj
 .rodata.hw_handle_buff_status.str1.4
                0x10008060        0xb CMakeFiles/lcd_1602_i2c.dir/home/pi/pico/pico-sdk/lib/tinyusb/src/portable/raspberrypi/rp2040/dcd_rp2040.c.obj
 *fill*         0x1000806b        0x1 
 .rodata.__func__.6590
                0x1000806c       0x17 CMakeFiles/lcd_1602_i2c.dir/home/pi/pico/pico-sdk/lib/tinyusb/src/portable/raspberrypi/rp2040/rp2040_usb.c.obj
 *fill*         0x10008083        0x1 
 .rodata.__func__.6601
                0x10008084       0x12 CMakeFiles/lcd_1602_i2c.dir/home/pi/pico/pico-sdk/lib/tinyusb/src/portable/raspberrypi/rp2040/rp2040_usb.c.obj
 *fill*         0x10008096        0x2 
 .rodata._hw_endpoint_buffer_control_update32.str1.4
                0x10008098       0x1f CMakeFiles/lcd_1602_i2c.dir/home/pi/pico/pico-sdk/lib/tinyusb/src/portable/raspberrypi/rp2040/rp2040_usb.c.obj
 *fill*         0x100080b7        0x1 
 .rodata._hw_endpoint_xfer.str1.4
                0x100080b8        0xf CMakeFiles/lcd_1602_i2c.dir/home/pi/pico/pico-sdk/lib/tinyusb/src/portable/raspberrypi/rp2040/rp2040_usb.c.obj
 *fill*         0x100080c7        0x1 
 .rodata._hw_endpoint_xfer_continue.str1.4
                0x100080c8       0x50 CMakeFiles/lcd_1602_i2c.dir/home/pi/pico/pico-sdk/lib/tinyusb/src/portable/raspberrypi/rp2040/rp2040_usb.c.obj
 .rodata._hw_endpoint_xfer_sync.str1.4
                0x10008118       0x8d CMakeFiles/lcd_1602_i2c.dir/home/pi/pico/pico-sdk/lib/tinyusb/src/portable/raspberrypi/rp2040/rp2040_usb.c.obj
 *fill*         0x100081a5        0x3 
 .rodata.str1.4
                0x100081a8        0x7 CMakeFiles/lcd_1602_i2c.dir/home/pi/pico/pico-sdk/lib/tinyusb/src/portable/raspberrypi/rp2040/rp2040_usb.c.obj
 *fill*         0x100081af        0x1 
 .rodata.process_get_descriptor
                0x100081b0       0x40 CMakeFiles/lcd_1602_i2c.dir/home/pi/pico/pico-sdk/lib/tinyusb/src/device/usbd.c.obj
 .rodata.process_control_request
                0x100081f0       0x28 CMakeFiles/lcd_1602_i2c.dir/home/pi/pico/pico-sdk/lib/tinyusb/src/device/usbd.c.obj
 .rodata.tud_task
                0x10008218       0x24 CMakeFiles/lcd_1602_i2c.dir/home/pi/pico/pico-sdk/lib/tinyusb/src/device/usbd.c.obj
 .rodata.__func__.6351
                0x1000823c       0x13 CMakeFiles/lcd_1602_i2c.dir/home/pi/pico/pico-sdk/lib/tinyusb/src/device/usbd.c.obj
 *fill*         0x1000824f        0x1 
 .rodata.__func__.6358
                0x10008250       0x10 CMakeFiles/lcd_1602_i2c.dir/home/pi/pico/pico-sdk/lib/tinyusb/src/device/usbd.c.obj
 .rodata.__func__.7128
                0x10008260        0x9 CMakeFiles/lcd_1602_i2c.dir/home/pi/pico/pico-sdk/lib/tinyusb/src/device/usbd.c.obj
 *fill*         0x10008269        0x3 
 .rodata.__func__.7149
                0x1000826c       0x18 CMakeFiles/lcd_1602_i2c.dir/home/pi/pico/pico-sdk/lib/tinyusb/src/device/usbd.c.obj
 .rodata.__func__.7188
                0x10008284       0x13 CMakeFiles/lcd_1602_i2c.dir/home/pi/pico/pico-sdk/lib/tinyusb/src/device/usbd.c.obj
 *fill*         0x10008297        0x1 
 .rodata.__func__.7231
                0x10008298       0x17 CMakeFiles/lcd_1602_i2c.dir/home/pi/pico/pico-sdk/lib/tinyusb/src/device/usbd.c.obj
 *fill*         0x100082af        0x1 
 .rodata.__func__.7285
                0x100082b0       0x14 CMakeFiles/lcd_1602_i2c.dir/home/pi/pico/pico-sdk/lib/tinyusb/src/device/usbd.c.obj
 .rodata.__func__.7321
                0x100082c4        0xf CMakeFiles/lcd_1602_i2c.dir/home/pi/pico/pico-sdk/lib/tinyusb/src/device/usbd.c.obj
 *fill*         0x100082d3        0x1 
 .rodata._usbd_driver
                0x100082d4       0x1c CMakeFiles/lcd_1602_i2c.dir/home/pi/pico/pico-sdk/lib/tinyusb/src/device/usbd.c.obj
 .rodata.dcd_event_handler.str1.4
                0x100082f0       0x48 CMakeFiles/lcd_1602_i2c.dir/home/pi/pico/pico-sdk/lib/tinyusb/src/device/usbd.c.obj
 .rodata.process_set_config.str1.4
                0x10008338       0x18 CMakeFiles/lcd_1602_i2c.dir/home/pi/pico/pico-sdk/lib/tinyusb/src/device/usbd.c.obj
                                 0x17 (size before relaxing)
 .rodata.__func__.7048
                0x10008350       0x11 CMakeFiles/lcd_1602_i2c.dir/home/pi/pico/pico-sdk/lib/tinyusb/src/device/usbd_control.c.obj
 *fill*         0x10008361        0x3 
 .rodata.__func__.7066
                0x10008364       0x15 CMakeFiles/lcd_1602_i2c.dir/home/pi/pico/pico-sdk/lib/tinyusb/src/device/usbd_control.c.obj
 .rodata.tud_control_xfer.str1.4
                0x10008379       0x17 CMakeFiles/lcd_1602_i2c.dir/home/pi/pico/pico-sdk/lib/tinyusb/src/device/usbd_control.c.obj
 *fill*         0x10008379        0x3 
 .rodata.__func__.6991
                0x1000837c       0x16 CMakeFiles/lcd_1602_i2c.dir/home/pi/pico/pico-sdk/lib/tinyusb/src/class/cdc/cdc_device.c.obj
 *fill*         0x10008392        0x2 
 .rodata.__func__.7020
                0x10008394        0xa CMakeFiles/lcd_1602_i2c.dir/home/pi/pico/pico-sdk/lib/tinyusb/src/class/cdc/cdc_device.c.obj
 *fill*         0x1000839e        0x2 
 .rodata.__func__.7060
                0x100083a0        0xd CMakeFiles/lcd_1602_i2c.dir/home/pi/pico/pico-sdk/lib/tinyusb/src/class/cdc/cdc_device.c.obj
 .rodata.tud_cdc_n_write_flush.str1.4
                0x100083ad       0x17 CMakeFiles/lcd_1602_i2c.dir/home/pi/pico/pico-sdk/lib/tinyusb/src/class/cdc/cdc_device.c.obj
 *fill*         0x100083ad        0x3 
 .rodata.__func__.6928
                0x100083b0        0xa CMakeFiles/lcd_1602_i2c.dir/home/pi/pico/pico-sdk/lib/tinyusb/src/tusb.c.obj
 .rodata.tusb_init.str1.4
                0x100083ba       0x17 CMakeFiles/lcd_1602_i2c.dir/home/pi/pico/pico-sdk/lib/tinyusb/src/tusb.c.obj
                0x100083d4                . = ALIGN (0x4)
 *fill*         0x100083ba        0x2 
 *(SORT_BY_ALIGNMENT(SORT_BY_NAME(.flashdata*)))
                0x100083bc                . = ALIGN (0x4)

.rel.dyn        0x100083bc        0x0
 .rel.iplt      0x100083bc        0x0 /usr/lib/gcc/arm-none-eabi/7.3.1/thumb/v6-m/crtbegin.o

.ARM.extab
 *(.ARM.extab* .gnu.linkonce.armextab.*)
                0x100083bc                __exidx_start = .

.ARM.exidx
 *(.ARM.exidx* .gnu.linkonce.armexidx.*)
                0x100083bc                __exidx_end = .
                0x100083bc                . = ALIGN (0x4)
                0x100083bc                __binary_info_start = .

.binary_info    0x100083bc       0x24
 *(.binary_info.keep.*)
 .binary_info.keep.__bi_ptr211
                0x100083bc        0x4 CMakeFiles/lcd_1602_i2c.dir/lcd_1602_i2c.c.obj
 .binary_info.keep.__bi_ptr18
                0x100083c0        0x4 CMakeFiles/lcd_1602_i2c.dir/home/pi/pico/pico-sdk/src/rp2_common/pico_standard_link/binary_info.c.obj
 .binary_info.keep.__bi_ptr26
                0x100083c4        0x4 CMakeFiles/lcd_1602_i2c.dir/home/pi/pico/pico-sdk/src/rp2_common/pico_standard_link/binary_info.c.obj
 .binary_info.keep.__bi_ptr34
                0x100083c8        0x4 CMakeFiles/lcd_1602_i2c.dir/home/pi/pico/pico-sdk/src/rp2_common/pico_standard_link/binary_info.c.obj
 .binary_info.keep.__bi_ptr40
                0x100083cc        0x4 CMakeFiles/lcd_1602_i2c.dir/home/pi/pico/pico-sdk/src/rp2_common/pico_standard_link/binary_info.c.obj
 .binary_info.keep.__bi_ptr46
                0x100083d0        0x4 CMakeFiles/lcd_1602_i2c.dir/home/pi/pico/pico-sdk/src/rp2_common/pico_standard_link/binary_info.c.obj
 .binary_info.keep.__bi_ptr71
                0x100083d4        0x4 CMakeFiles/lcd_1602_i2c.dir/home/pi/pico/pico-sdk/src/rp2_common/pico_standard_link/binary_info.c.obj
 .binary_info.keep.__bi_ptr77
                0x100083d8        0x4 CMakeFiles/lcd_1602_i2c.dir/home/pi/pico/pico-sdk/src/rp2_common/pico_standard_link/binary_info.c.obj
 *(.binary_info.*)
 .binary_info.__bi_ptr92
                0x100083dc        0x4 CMakeFiles/lcd_1602_i2c.dir/home/pi/pico/pico-sdk/src/rp2_common/pico_stdio_usb/stdio_usb.c.obj
                0x100083e0                __binary_info_end = .
                0x100083e0                . = ALIGN (0x4)
                0x100083e0                __etext = .

.ram_vector_table
                0x20000000       0xc0
 *(.ram_vector_table)
 .ram_vector_table
                0x20000000       0xc0 CMakeFiles/lcd_1602_i2c.dir/home/pi/pico/pico-sdk/src/rp2_common/pico_runtime/runtime.c.obj
                0x20000000                ram_vector_table

.data           0x200000c0      0x2f0 load address 0x100083e0
                0x200000c0                __data_start__ = .
 *(vtable)
 *(.time_critical*)
 .time_critical.mutex_enter_blocking
                0x200000c0       0x64 CMakeFiles/lcd_1602_i2c.dir/home/pi/pico/pico-sdk/src/common/pico_sync/mutex.c.obj
                0x200000c0                mutex_enter_blocking
 .time_critical.mutex_try_enter
                0x20000124       0x48 CMakeFiles/lcd_1602_i2c.dir/home/pi/pico/pico-sdk/src/common/pico_sync/mutex.c.obj
                0x20000124                mutex_try_enter
 .time_critical.mutex_enter_block_until
                0x2000016c       0x7c CMakeFiles/lcd_1602_i2c.dir/home/pi/pico/pico-sdk/src/common/pico_sync/mutex.c.obj
                0x2000016c                mutex_enter_block_until
 .time_critical.mutex_enter_timeout_ms
                0x200001e8       0x40 CMakeFiles/lcd_1602_i2c.dir/home/pi/pico/pico-sdk/src/common/pico_sync/mutex.c.obj
                0x200001e8                mutex_enter_timeout_ms
 .time_critical.mutex_exit
                0x20000228       0x4c CMakeFiles/lcd_1602_i2c.dir/home/pi/pico/pico-sdk/src/common/pico_sync/mutex.c.obj
                0x20000228                mutex_exit
 *(.text*)
 .text          0x20000274        0x4 /usr/lib/gcc/arm-none-eabi/7.3.1/thumb/v6-m/libgcc.a(_dvmd_tls.o)
                0x20000274                __aeabi_ldiv0
                0x20000274                __aeabi_idiv0
 .text.__stub   0x20000278       0x40 linker stubs
                0x200002b8                . = ALIGN (0x4)
 *(.rodata*)
                0x200002b8                . = ALIGN (0x4)
 *(.data*)
 .data.striped_spin_lock_num
                0x200002b8        0x1 CMakeFiles/lcd_1602_i2c.dir/home/pi/pico/pico-sdk/src/rp2_common/hardware_sync/sync.c.obj
 *fill*         0x200002b9        0x3 
 .data.default_alarm_pool
                0x200002bc       0x18 CMakeFiles/lcd_1602_i2c.dir/home/pi/pico/pico-sdk/src/common/pico_time/time.c.obj
 .data.default_alarm_pool_heap
                0x200002d4       0x10 CMakeFiles/lcd_1602_i2c.dir/home/pi/pico/pico-sdk/src/common/pico_time/time.c.obj
 .data          0x200002e4       0x48 CMakeFiles/lcd_1602_i2c.dir/home/pi/pico/pico-sdk/src/rp2_common/hardware_irq/irq_handler_chain.S.obj
                0x200002e4                irq_handler_chain_slots
                0x20000314                irq_handler_chain_first_slot
                0x2000031e                irq_handler_chain_remove_tail
 *fill*         0x2000032c        0x4 
 .data.aeabi_bits_funcs
                0x20000330       0x10 CMakeFiles/lcd_1602_i2c.dir/home/pi/pico/pico-sdk/src/rp2_common/pico_bit_ops/bit_ops_aeabi.S.obj
                0x20000330                aeabi_bits_funcs
                0x20000340                aeabi_bits_funcs_end
 .data.aeabi_mem_funcs
                0x20000340       0x10 CMakeFiles/lcd_1602_i2c.dir/home/pi/pico/pico-sdk/src/rp2_common/pico_mem_ops/mem_ops_aeabi.S.obj
                0x20000340                aeabi_mem_funcs
                0x20000350                aeabi_mem_funcs_end
 .data.stdio_usb
                0x20000350       0x14 CMakeFiles/lcd_1602_i2c.dir/home/pi/pico/pico-sdk/src/rp2_common/pico_stdio_usb/stdio_usb.c.obj
                0x20000350                stdio_usb
 .data.ep_dir_string
                0x20000364        0x8 CMakeFiles/lcd_1602_i2c.dir/home/pi/pico/pico-sdk/lib/tinyusb/src/portable/raspberrypi/rp2040/rp2040_usb.c.obj
                0x20000364                ep_dir_string
 .data._usbd_qdef
                0x2000036c       0x20 CMakeFiles/lcd_1602_i2c.dir/home/pi/pico/pico-sdk/lib/tinyusb/src/device/usbd.c.obj
                0x2000036c                _usbd_qdef
 .data.i2c0_inst
                0x2000038c        0x8 CMakeFiles/lcd_1602_i2c.dir/home/pi/pico/pico-sdk/src/rp2_common/hardware_i2c/i2c.c.obj
                0x2000038c                i2c0_inst
                0x20000394                . = ALIGN (0x4)
 *(.after_data.*)
                0x20000394                . = ALIGN (0x4)
                0x20000394                PROVIDE (__mutex_array_start = .)
 *(SORT_BY_NAME(.mutex_array.*))
 *(.mutex_array)
 .mutex_array   0x20000394        0x8 CMakeFiles/lcd_1602_i2c.dir/home/pi/pico/pico-sdk/src/rp2_common/pico_stdio/stdio.c.obj
                0x2000039c                PROVIDE (__mutex_array_end = .)
                0x2000039c                . = ALIGN (0x4)
                0x2000039c                PROVIDE (__preinit_array_start = .)
 *(SORT_BY_NAME(.preinit_array.*))
 .preinit_array.00001
                0x2000039c        0x4 CMakeFiles/lcd_1602_i2c.dir/home/pi/pico/pico-sdk/src/rp2_common/pico_mem_ops/mem_ops_aeabi.S.obj
 .preinit_array.00010
                0x200003a0        0x4 CMakeFiles/lcd_1602_i2c.dir/home/pi/pico/pico-sdk/src/rp2_common/pico_bit_ops/bit_ops_aeabi.S.obj
 .preinit_array.00020
                0x200003a4        0x4 CMakeFiles/lcd_1602_i2c.dir/home/pi/pico/pico-sdk/src/rp2_common/pico_double/double_aeabi.S.obj
 .preinit_array.00020
                0x200003a8        0x4 CMakeFiles/lcd_1602_i2c.dir/home/pi/pico/pico-sdk/src/rp2_common/pico_float/float_aeabi.S.obj
 *(.preinit_array)
                0x200003ac                PROVIDE (__preinit_array_end = .)
                0x200003ac                . = ALIGN (0x4)
                0x200003ac                PROVIDE (__init_array_start = .)
 *(SORT_BY_NAME(.init_array.*))
 *(.init_array)
 .init_array    0x200003ac        0x4 /usr/lib/gcc/arm-none-eabi/7.3.1/thumb/v6-m/crtbegin.o
                0x200003b0                PROVIDE (__init_array_end = .)
                0x200003b0                . = ALIGN (0x4)
                0x200003b0                PROVIDE (__fini_array_start = .)
 *(SORT_BY_NAME(.fini_array.*))
 *(.fini_array)
                0x200003b0                PROVIDE (__fini_array_end = .)
 *(.jcr)
                0x200003b0                . = ALIGN (0x4)
                0x200003b0                __data_end__ = .

.tm_clone_table
                0x200003b0        0x0 load address 0x100086d0
 .tm_clone_table
                0x200003b0        0x0 /usr/lib/gcc/arm-none-eabi/7.3.1/thumb/v6-m/crtbegin.o
 .tm_clone_table
                0x200003b0        0x0 /usr/lib/gcc/arm-none-eabi/7.3.1/thumb/v6-m/crtend.o

.igot.plt       0x200003b0        0x0 load address 0x100086d0
 .igot.plt      0x200003b0        0x0 /usr/lib/gcc/arm-none-eabi/7.3.1/thumb/v6-m/crtbegin.o

.uninitialized_data
                0x200003b0        0x0 load address 0x100086d0
                0x200003b0                . = ALIGN (0x4)
 *(.uninitialized_data*)

.scratch_x      0x20040000        0x0 load address 0x100086d0
                0x20040000                __scratch_x_start__ = .
 *(.scratch_x.*)
                0x20040000                . = ALIGN (0x4)
                0x20040000                __scratch_x_end__ = .
                0x100086d0                __scratch_x_source__ = LOADADDR (.scratch_x)

.scratch_y      0x20041000        0x0 load address 0x100086d0
                0x20041000                __scratch_y_start__ = .
 *(.scratch_y.*)
                0x20041000                . = ALIGN (0x4)
                0x20041000                __scratch_y_end__ = .
                0x100086d0                __scratch_y_source__ = LOADADDR (.scratch_y)

.bss            0x200003b0      0xebc
                0x200003b0                . = ALIGN (0x4)
                0x200003b0                __bss_start__ = .
 *(SORT_BY_ALIGNMENT(SORT_BY_NAME(.bss*)))
 .bss.default_alarm_pool_entries
                0x200003b0      0x100 CMakeFiles/lcd_1602_i2c.dir/home/pi/pico/pico-sdk/src/common/pico_time/time.c.obj
 .bss.last_avail_time.6972
                0x200004b0        0x8 CMakeFiles/lcd_1602_i2c.dir/home/pi/pico/pico-sdk/src/rp2_common/pico_stdio_usb/stdio_usb.c.obj
 .bss           0x200004b8       0x1c /usr/lib/gcc/arm-none-eabi/7.3.1/thumb/v6-m/crtbegin.o
 .bss._app_driver
                0x200004d4        0x4 CMakeFiles/lcd_1602_i2c.dir/home/pi/pico/pico-sdk/lib/tinyusb/src/device/usbd.c.obj
 .bss._cdcd_itf
                0x200004d8      0x2d0 CMakeFiles/lcd_1602_i2c.dir/home/pi/pico/pico-sdk/lib/tinyusb/src/class/cdc/cdc_device.c.obj
 .bss._ctrl_xfer
                0x200007a8       0x14 CMakeFiles/lcd_1602_i2c.dir/home/pi/pico/pico-sdk/lib/tinyusb/src/device/usbd_control.c.obj
 .bss._ubsd_mutexdef
                0x200007bc        0x8 CMakeFiles/lcd_1602_i2c.dir/home/pi/pico/pico-sdk/lib/tinyusb/src/device/usbd.c.obj
 .bss._usbd_ctrl_buf
                0x200007c4       0x40 CMakeFiles/lcd_1602_i2c.dir/home/pi/pico/pico-sdk/lib/tinyusb/src/device/usbd_control.c.obj
 .bss._usbd_dev
                0x20000804       0x37 CMakeFiles/lcd_1602_i2c.dir/home/pi/pico/pico-sdk/lib/tinyusb/src/device/usbd.c.obj
 *fill*         0x2000083b        0x1 
 .bss._usbd_mutex
                0x2000083c        0x4 CMakeFiles/lcd_1602_i2c.dir/home/pi/pico/pico-sdk/lib/tinyusb/src/device/usbd.c.obj
 .bss._usbd_q   0x20000840        0x4 CMakeFiles/lcd_1602_i2c.dir/home/pi/pico/pico-sdk/lib/tinyusb/src/device/usbd.c.obj
 .bss.alarm_callbacks
                0x20000844       0x10 CMakeFiles/lcd_1602_i2c.dir/home/pi/pico/pico-sdk/src/rp2_common/hardware_timer/timer.c.obj
 .bss.claimed   0x20000854        0x4 CMakeFiles/lcd_1602_i2c.dir/home/pi/pico/pico-sdk/src/rp2_common/hardware_sync/sync.c.obj
 .bss.configured_freq
                0x20000858       0x28 CMakeFiles/lcd_1602_i2c.dir/home/pi/pico/pico-sdk/src/rp2_common/hardware_clocks/clocks.c.obj
 .bss.default_alarm_pool_entry_ids_high
                0x20000880       0x10 CMakeFiles/lcd_1602_i2c.dir/home/pi/pico/pico-sdk/src/common/pico_time/time.c.obj
 .bss.default_alarm_pool_heap_nodes
                0x20000890       0x30 CMakeFiles/lcd_1602_i2c.dir/home/pi/pico/pico-sdk/src/common/pico_time/time.c.obj
 .bss.desc_str.6868
                0x200008c0       0x28 CMakeFiles/lcd_1602_i2c.dir/home/pi/pico/pico-sdk/src/rp2_common/pico_stdio_usb/stdio_usb_descriptors.c.obj
 .bss.drivers   0x200008e8        0x4 CMakeFiles/lcd_1602_i2c.dir/home/pi/pico/pico-sdk/src/rp2_common/pico_stdio/stdio.c.obj
 .bss.filter    0x200008ec        0x4 CMakeFiles/lcd_1602_i2c.dir/home/pi/pico/pico-sdk/src/rp2_common/pico_stdio/stdio.c.obj
 .bss.hw_endpoints
                0x200008f0      0x680 CMakeFiles/lcd_1602_i2c.dir/home/pi/pico/pico-sdk/lib/tinyusb/src/portable/raspberrypi/rp2040/dcd_rp2040.c.obj
 .bss.load_value
                0x20000f70        0x4 CMakeFiles/lcd_1602_i2c.dir/home/pi/pico/pico-sdk/src/rp2_common/hardware_watchdog/watchdog.c.obj
 .bss.next_buffer_ptr
                0x20000f74        0x4 CMakeFiles/lcd_1602_i2c.dir/home/pi/pico/pico-sdk/lib/tinyusb/src/portable/raspberrypi/rp2040/dcd_rp2040.c.obj